
IEEE 695 OMF Linker Version 6.03 (05021601)
Copyright (C) 1999-2004 ZiLOG, Inc. All Rights Reserved

LINK MAP:

DATE:      Fri Jun 10 16:39:13 2016
PROCESSOR: assembler
FILES:     c:\PROGRA~2\ZiLOG\ZDSII_~1.3\lib\zilog\startupL.obj
           .\zsldevinit.obj
           .\main.obj             .\ansi.obj             .\SineLUT.obj          
           .\screenio.obj         .\buttonio.obj         .\clockio.obj          
           .\ball.obj             .\striker.obj          .\brick.obj            
           .\game.obj             .\level.obj            .\powerup.obj          
           .\color.obj            
           c:\PROGRA~2\ZiLOG\ZDSII_~1.3\lib\std\crtrevaaLDD.lib
           c:\PROGRA~2\ZiLOG\ZDSII_~1.3\lib\std\fpdumyL.obj
           c:\PROGRA~2\ZiLOG\ZDSII_~1.3\lib\zilog\zslLYD.lib
           


COMMAND LIST:
=============
/* Linker Command File - HelloWorld Debug */

/* compiler options */
/* -alias -asm -bitfieldsize:32 -charsize:8 -const:RAM -debug */
/* -define:_Z8F6403 -define:_Z8ENCORE_640_FAMILY */
/* -define:_Z8ENCORE_F640X -define:_MODEL_LARGE -doublesize:32 */
/* -NOexpmac -floatsize:32 -NOfplib -genprintf -NOglobalcopy */
/* -NOglobalcse -NOglobalfold -intrinsic -intsize:16 -intsrc */
/* -NOjmpopt -NOkeepasm -NOkeeplst -NOlist -NOlistinc -localcopy */
/* -localcse -localfold -longsize:32 -NOloopopt -maxerrs:50 -model:L */
/* -NOoptlink -optsize -peephole -NOpromote -quiet -regvar -revaa */
/* -NOsdiopt -shortsize:16 */
/* -stdinc:"c:\PROGRA~2\ZiLOG\ZDSII_~1.3\include\std;c:\PROGRA~2\ZiLOG\ZDSII_~1.3\include\zilog;c:\PROGRA~2\ZiLOG\ZDSII_~1.3\include\zilog\Z8Encore_F640X" */
/* -strict */
/* -usrinc:"M:\Documents\GitHub\Programming-project-exercies\Z8encore\include;C:\Users\Andreas\Documents\GitHub\Programming-project-exercies\Z8encore\include;C:\Users\s153498\Desktop\Microprocessorprogrammer\HelloWorld\Programming-project-exercies\Z8encore\include" */
/* -NOwatch -cpu:Z8F6403 */
/* -asmsw:" -cpu:Z8F6403 -define:_Z8F6403=1 -define:_Z8ENCORE_640_FAMILY=1 -define:_Z8ENCORE_F640X=1 -define:_MODEL_LARGE=1 -include:c:\PROGRA~2\ZiLOG\ZDSII_~1.3\include\std;c:\PROGRA~2\ZiLOG\ZDSII_~1.3\include\zilog;c:\PROGRA~2\ZiLOG\ZDSII_~1.3\include\zilog\Z8Encore_F640X -revaa" */

/* assembler options */
/* -debug -define:_Z8F6403=1 -define:_Z8ENCORE_640_FAMILY=1 */
/* -define:_Z8ENCORE_F640X=1 -define:_MODEL_LARGE=1 -genobj */
/* -NOigcase */
/* -include:"c:\PROGRA~2\ZiLOG\ZDSII_~1.3\include\std;c:\PROGRA~2\ZiLOG\ZDSII_~1.3\include\zilog;c:\PROGRA~2\ZiLOG\ZDSII_~1.3\include\zilog\Z8Encore_F640X" */
/* -list -NOlistmac -name -pagelen:56 -pagewidth:80 -quiet -sdiopt */
/* -warn -NOzmasm -revaa -cpu:Z8F6403 */

-FORMAT=OMF695
-NOigcase -map -quiet -warn -NOwarnoverlap -NOxref

RANGE ROM $0 : $FFFF
RANGE RDATA $20 : $FF
RANGE EDATA $100 : $EFF

CHANGE TEXT=EDATA
CHANGE TEXT=FAR_DATA
change NEAR_TXT=NEAR_DATA
change FAR_TXT=FAR_DATA
ORDER FAR_BSS, FAR_DATA
ORDER NEAR_BSS,NEAR_DATA
COPY NEAR_DATA ROM
COPY FAR_DATA ROM

define _low_near_romdata = copy base of NEAR_DATA
define _low_neardata = base of NEAR_DATA
define _len_neardata = length of NEAR_DATA
define _low_far_romdata = copy base of FAR_DATA
define _low_fardata = base of FAR_DATA
define _len_fardata = length of FAR_DATA
define _low_nearbss = base of NEAR_BSS
define _len_nearbss = length of NEAR_BSS
define _low_farbss = base of FAR_BSS
define _len_farbss = length of FAR_BSS
define _far_heaptop = highaddr of EDATA
define _far_stack = highaddr of EDATA
define _near_stack = highaddr of RDATA
define _far_heapbot = top of EDATA
define _near_heaptop = highaddr of RDATA
define _near_heapbot = top of RDATA

define _zsl_g_clock_xdefine = 18432000

/* Set frequency to 18432000 Hz */
define __user_frequency = 18432000

"M:\Documents\GitHub\Programming-project-exercies\HelloWorld"=  c:\PROGRA~2\ZiLOG\ZDSII_~1.3\lib\zilog\startupL.obj,  .\zsldevinit.obj,  .\main.obj,  .\ansi.obj,  .\SineLUT.obj,  .\screenio.obj,  .\buttonio.obj,  .\clockio.obj,  .\ball.obj,  .\striker.obj,  .\brick.obj,  .\game.obj,  .\level.obj,  .\powerup.obj,  .\color.obj,  c:\PROGRA~2\ZiLOG\ZDSII_~1.3\lib\std\crtrevaaLDD.lib,  c:\PROGRA~2\ZiLOG\ZDSII_~1.3\lib\std\fpdumyL.obj,  c:\PROGRA~2\ZiLOG\ZDSII_~1.3\lib\zilog\zslLYD.lib


SEGMENT OVERLAYS:
=================

Name                                     Base        Top       Length
------------------------------------ ----------- ----------- ----------
Section: __VECTORS                        C:0000      C:000E         fh

SPACE ALLOCATION:
=================

Space              Base        Top         Size
------------------ ----------- ----------- ---------
EDATA                   E:0100      E:0754      655h
RDATA                     R:E0        R:EF       10h
ROM                     C:0000      C:3662     3663h


SEGMENTS WITHIN SPACE:
======================

EDATA              Type                Base        Top         Size
------------------ ------------------- ----------- ----------- ---------
FAR_BSS            normal data              E:0100      E:0140       41h
FAR_DATA           normal data              E:0141      E:0754      614h


RDATA              Type                Base        Top         Size
------------------ ------------------- ----------- ----------- ---------
workingreg         absolute data              R:E0        R:EF       10h


ROM                Type                Base        Top         Size
------------------ ------------------- ----------- ----------- ---------
__VECTORS          absolute data            C:0000      C:0037       38h
_sputch_TEXT       normal data              C:2DA9      C:2DD7       2fh
_uputch_TEXT       normal data              C:2D7A      C:2D92       19h
abs_TEXT           normal data              C:2E25      C:2E62       3eh
ansi_TEXT          normal data              C:0698      C:116F      ad8h
ball_TEXT          normal data              C:19C3      C:1EEF      52dh
clockio_TEXT       normal data              C:1908      C:19C2       bbh
CODE               normal data              C:0038      C:02B9      282h
creenio_TEXT       normal data              C:13A1      C:17C5      425h
FAR_DATA           * segment copy *         C:304F      C:3662      614h
game_TEXT          normal data              C:241D      C:242A        eh
getfreq_TEXT       normal data              C:28E1      C:28F7       17h
level_TEXT         normal data              C:242B      C:2623      1f9h
main_TEXT          normal data              C:0335      C:0697      363h
mstring_TEXT       normal data              C:2DD8      C:2E24       4dh
nt_send_TEXT       normal data              C:270D      C:28E0      1d4h
powerup_TEXT       normal data              C:2624      C:262A        7h
putch_TEXT         normal data              C:2F38      C:2F94       5dh
reverse_TEXT       normal data              C:2E63      C:2F37       d5h
ROM_TEXT           normal data              C:02BA      C:02C3        ah
sinelut_TEXT       normal data              C:1170      C:13A0      231h
sio_TEXT           normal data              C:262B      C:270C       e2h
startup            normal data              C:02C4      C:0334       71h
striker_TEXT       normal data              C:1EF0      C:241C      52dh
strlen_TEXT        normal data              C:2D11      C:2D52       42h
t_putch_TEXT       normal data              C:2D93      C:2DA8       16h
teuart0_TEXT       normal data              C:2F95      C:304E       bah
ultoa_TEXT         normal data              C:28F8      C:2D10      419h
ustoa_TEXT         normal data              C:2D53      C:2D79       27h
uttonio_TEXT       normal data              C:17C6      C:1907      142h

SEGMENTS WITHIN MODULES:
========================

Module: ..\..\src\boot\common\startupl.asm (File: startupL.obj) Version: 1:0 02/23/2005 13:22:37

    Name                                        Base        Top      Size
    --------------------------------------- ----------- ----------- ---------
    Segment: __VECTORS                           C:0000      C:0037       38h
    Segment: FAR_BSS                             E:0100      E:0101        2h
    Segment: FAR_DATA                            E:0141      E:0141        1h
    Segment: startup                             C:02C4      C:0334       71h
    Segment: workingreg                            R:E0        R:EF       10h


Module: ..\UART\COMMON\PUTCH.C (Library: zslLYD.lib) Version: 1:0 02/23/2005 13:32:42

    Name                                        Base        Top      Size
    --------------------------------------- ----------- ----------- ---------
    Segment: putch_TEXT                          C:2F38      C:2F94       5dh


Module: ..\UART\COMMON\WRITEUART0.C (Library: zslLYD.lib) Version: 1:0 02/23/2005 13:32:38

    Name                                        Base        Top      Size
    --------------------------------------- ----------- ----------- ---------
    Segment: FAR_DATA                            E:0754      E:0754        1h
    Segment: teuart0_TEXT                        C:2F95      C:304E       bah


Module: COMMON\ABS.C (Library: crtrevaaLDD.lib) Version: 1:0 02/23/2005 13:27:08

    Name                                        Base        Top      Size
    --------------------------------------- ----------- ----------- ---------
    Segment: abs_TEXT                            C:2E25      C:2E62       3eh


Module: common\fpdumyl.asm (File: fpdumyL.obj) Version: 1:0 02/23/2005 13:22:38

    Name                                        Base        Top      Size
    --------------------------------------- ----------- ----------- ---------
    Segment: CODE                                C:003A      C:003A        1h
    Segment: FAR_BSS                             E:0122      E:0125        4h


Module: common\frame.asm (Library: crtrevaaLDD.lib) Version: 1:0 02/23/2005 13:27:20

    Name                                        Base        Top      Size
    --------------------------------------- ----------- ----------- ---------
    Segment: CODE                                C:003B      C:00A1       67h


Module: COMMON\PRINT_GLOBALS.C (Library: crtrevaaLDD.lib) Version: 1:0 02/23/2005 13:27:11

    Name                                        Base        Top      Size
    --------------------------------------- ----------- ----------- ---------
    Segment: FAR_BSS                             E:0126      E:0140       1bh
    Segment: FAR_DATA                            E:0752      E:0753        2h


Module: COMMON\PRINT_PUTCH.C (Library: crtrevaaLDD.lib) Version: 1:0 02/23/2005 13:27:11

    Name                                        Base        Top      Size
    --------------------------------------- ----------- ----------- ---------
    Segment: t_putch_TEXT                        C:2D93      C:2DA8       16h


Module: COMMON\PRINT_PUTROMSTRING.C (Library: crtrevaaLDD.lib) Version: 1:0 02/23/2005 13:27:12

    Name                                        Base        Top      Size
    --------------------------------------- ----------- ----------- ---------
    Segment: mstring_TEXT                        C:2DD8      C:2E24       4dh


Module: COMMON\PRINT_SEND.C (Library: crtrevaaLDD.lib) Version: 1:0 02/23/2005 13:27:12

    Name                                        Base        Top      Size
    --------------------------------------- ----------- ----------- ---------
    Segment: nt_send_TEXT                        C:270D      C:28E0      1d4h


Module: COMMON\PRINT_SPUTCH.C (Library: crtrevaaLDD.lib) Version: 1:0 02/23/2005 13:27:11

    Name                                        Base        Top      Size
    --------------------------------------- ----------- ----------- ---------
    Segment: _sputch_TEXT                        C:2DA9      C:2DD7       2fh


Module: COMMON\PRINT_UPUTCH.C (Library: crtrevaaLDD.lib) Version: 1:0 02/23/2005 13:27:11

    Name                                        Base        Top      Size
    --------------------------------------- ----------- ----------- ---------
    Segment: _uputch_TEXT                        C:2D7A      C:2D92       19h


Module: common\sbdiv.asm (Library: crtrevaaLDD.lib) Version: 1:0 02/23/2005 13:27:19

    Name                                        Base        Top      Size
    --------------------------------------- ----------- ----------- ---------
    Segment: CODE                                C:01FD      C:022B       2fh


Module: COMMON\SIO.C (Library: crtrevaaLDD.lib) Version: 1:0 02/23/2005 13:27:13

    Name                                        Base        Top      Size
    --------------------------------------- ----------- ----------- ---------
    Segment: FAR_DATA                            E:0751      E:0751        1h
    Segment: sio_TEXT                            C:262B      C:270C       e2h


Module: COMMON\STRLEN.C (Library: crtrevaaLDD.lib) Version: 1:0 02/23/2005 13:27:14

    Name                                        Base        Top      Size
    --------------------------------------- ----------- ----------- ---------
    Segment: strlen_TEXT                         C:2D11      C:2D52       42h


Module: common\swdiv.asm (Library: crtrevaaLDD.lib) Version: 1:0 02/23/2005 13:27:19

    Name                                        Base        Top      Size
    --------------------------------------- ----------- ----------- ---------
    Segment: CODE                                C:00A2      C:00DC       3bh


Module: common\ubdiv.asm (Library: crtrevaaLDD.lib) Version: 1:0 02/23/2005 13:27:19

    Name                                        Base        Top      Size
    --------------------------------------- ----------- ----------- ---------
    Segment: CODE                                C:029B      C:02B9       1fh


Module: common\ucase.asm (Library: crtrevaaLDD.lib) Version: 1:0 02/23/2005 13:27:19

    Name                                        Base        Top      Size
    --------------------------------------- ----------- ----------- ---------
    Segment: CODE                                C:025D      C:029A       3eh


Module: common\uldiv.asm (Library: crtrevaaLDD.lib) Version: 1:0 02/23/2005 13:27:19

    Name                                        Base        Top      Size
    --------------------------------------- ----------- ----------- ---------
    Segment: CODE                                C:01A8      C:01FC       55h


Module: common\ulmul.asm (Library: crtrevaaLDD.lib) Version: 1:0 02/23/2005 13:27:19

    Name                                        Base        Top      Size
    --------------------------------------- ----------- ----------- ---------
    Segment: CODE                                C:00DD      C:0174       98h


Module: COMMON\ULTOA.C (Library: crtrevaaLDD.lib) Version: 1:0 02/23/2005 13:27:16

    Name                                        Base        Top      Size
    --------------------------------------- ----------- ----------- ---------
    Segment: ultoa_TEXT                          C:28F8      C:2D10      419h


Module: COMMON\UREVERSE.C (Library: crtrevaaLDD.lib) Version: 1:0 02/23/2005 13:27:17

    Name                                        Base        Top      Size
    --------------------------------------- ----------- ----------- ---------
    Segment: reverse_TEXT                        C:2E63      C:2F37       d5h


Module: COMMON\USTOA.C (Library: crtrevaaLDD.lib) Version: 1:0 02/23/2005 13:27:18

    Name                                        Base        Top      Size
    --------------------------------------- ----------- ----------- ---------
    Segment: ustoa_TEXT                          C:2D53      C:2D79       27h


Module: common\uwdiv.asm (Library: crtrevaaLDD.lib) Version: 1:0 02/23/2005 13:27:19

    Name                                        Base        Top      Size
    --------------------------------------- ----------- ----------- ---------
    Segment: CODE                                C:022C      C:025C       31h


Module: common\uwmul.asm (Library: crtrevaaLDD.lib) Version: 1:0 02/23/2005 13:27:19

    Name                                        Base        Top      Size
    --------------------------------------- ----------- ----------- ---------
    Segment: CODE                                C:0175      C:01A7       33h


Module: get_freq.asm (Library: crtrevaaLDD.lib) Version: 1:0 02/23/2005 13:27:19

    Name                                        Base        Top      Size
    --------------------------------------- ----------- ----------- ---------
    Segment: getfreq_TEXT                        C:28E1      C:28F7       17h


Module: M:\Documents\GitHub\Programming-project-exercies\zsldevinit.asm (File: zsldevinit.obj) Version: 1:0 06/10/2016 15:48:56

    Name                                        Base        Top      Size
    --------------------------------------- ----------- ----------- ---------
    Segment: CODE                                C:0038      C:0039        2h
    Segment: FAR_DATA                            E:0142      E:0146        5h


Module: Z8ENCORE\ANSIPROJECT\MAIN.C (File: main.obj) Version: 1:0 06/10/2016 16:38:21

    Name                                        Base        Top      Size
    --------------------------------------- ----------- ----------- ---------
    Segment: FAR_DATA                            E:0147      E:0151        bh
    Segment: main_TEXT                           C:0335      C:0697      363h


Module: Z8ENCORE\INCLUDE\SRC\ANSI.C (File: ansi.obj) Version: 1:0 06/10/2016 15:48:57

    Name                                        Base        Top      Size
    --------------------------------------- ----------- ----------- ---------
    Segment: ansi_TEXT                           C:0698      C:116F      ad8h
    Segment: ROM_TEXT                            C:02BA      C:02C3        ah


Module: Z8ENCORE\INCLUDE\SRC\BALL.C (File: ball.obj) Version: 1:0 06/10/2016 16:35:02

    Name                                        Base        Top      Size
    --------------------------------------- ----------- ----------- ---------
    Segment: ball_TEXT                           C:19C3      C:1EEF      52dh


Module: Z8ENCORE\INCLUDE\SRC\BUTTONIO.C (File: buttonio.obj) Version: 1:0 06/10/2016 16:35:01

    Name                                        Base        Top      Size
    --------------------------------------- ----------- ----------- ---------
    Segment: uttonio_TEXT                        C:17C6      C:1907      142h


Module: Z8ENCORE\INCLUDE\SRC\CLOCKIO.C (File: clockio.obj) Version: 1:0 06/10/2016 15:48:59

    Name                                        Base        Top      Size
    --------------------------------------- ----------- ----------- ---------
    Segment: __VECTORS                           C:0000      C:000D        eh
    Segment: clockio_TEXT                        C:1908      C:19C2       bbh
    Segment: FAR_DATA                            E:0733      E:0738        6h


Module: Z8ENCORE\INCLUDE\SRC\COLOR.C (File: color.obj) Version: 1:0 06/10/2016 15:49:01

    Name                                        Base        Top      Size
    --------------------------------------- ----------- ----------- ---------
    Segment: FAR_DATA                            E:0739      E:0750       18h


Module: Z8ENCORE\INCLUDE\SRC\GAME.C (File: game.obj) Version: 1:0 06/10/2016 15:49:00

    Name                                        Base        Top      Size
    --------------------------------------- ----------- ----------- ---------
    Segment: game_TEXT                           C:241D      C:242A        eh


Module: Z8ENCORE\INCLUDE\SRC\LEVEL.C (File: level.obj) Version: 1:0 06/10/2016 16:21:51

    Name                                        Base        Top      Size
    --------------------------------------- ----------- ----------- ---------
    Segment: level_TEXT                          C:242B      C:2623      1f9h


Module: Z8ENCORE\INCLUDE\SRC\POWERUP.C (File: powerup.obj) Version: 1:0 06/10/2016 15:49:00

    Name                                        Base        Top      Size
    --------------------------------------- ----------- ----------- ---------
    Segment: powerup_TEXT                        C:2624      C:262A        7h


Module: Z8ENCORE\INCLUDE\SRC\SCREENIO.C (File: screenio.obj) Version: 1:0 06/10/2016 15:48:58

    Name                                        Base        Top      Size
    --------------------------------------- ----------- ----------- ---------
    Segment: creenio_TEXT                        C:13A1      C:17C5      425h
    Segment: FAR_BSS                             E:0102      E:0121       20h
    Segment: FAR_DATA                            E:0552      E:0732      1e1h


Module: Z8ENCORE\INCLUDE\SRC\SINELUT.C (File: SineLUT.obj) Version: 1:0 06/10/2016 15:48:58

    Name                                        Base        Top      Size
    --------------------------------------- ----------- ----------- ---------
    Segment: FAR_DATA                            E:0152      E:0551      400h
    Segment: sinelut_TEXT                        C:1170      C:13A0      231h


Module: Z8ENCORE\INCLUDE\SRC\STRIKER.C (File: striker.obj) Version: 1:0 06/10/2016 16:11:31

    Name                                        Base        Top      Size
    --------------------------------------- ----------- ----------- ---------
    Segment: striker_TEXT                        C:1EF0      C:241C      52dh

EXTERNAL DEFINITIONS:
=====================

Symbol                             Address   Module          Segment
-------------------------------- ----------- --------------- --------------------------------
_0__far_atof                          E:0122 fpdumyl         FAR_BSS                         
_0__far_frexp                         E:0122 fpdumyl         FAR_BSS                         
_0__far_modf                          E:0122 fpdumyl         FAR_BSS                         
_0__far_strtod                        E:0122 fpdumyl         FAR_BSS                         
_0__near_atof                         E:0122 fpdumyl         FAR_BSS                         
_0__near_frexp                        E:0122 fpdumyl         FAR_BSS                         
_0__near_modf                         E:0122 fpdumyl         FAR_BSS                         
_0__near_strtod                       E:0122 fpdumyl         FAR_BSS                         
_0__u_dtoe                            E:0122 fpdumyl         FAR_BSS                         
_0__u_dtof                            E:0122 fpdumyl         FAR_BSS                         
_0__u_dtog                            E:0122 fpdumyl         FAR_BSS                         
_0__u_flt_info                        E:0122 fpdumyl         FAR_BSS                         
_0__u_flt_rnd                         E:0122 fpdumyl         FAR_BSS                         
_0_acos                               E:0122 fpdumyl         FAR_BSS                         
_0_asin                               E:0122 fpdumyl         FAR_BSS                         
_0_atan                               E:0122 fpdumyl         FAR_BSS                         
_0_atan2                              E:0122 fpdumyl         FAR_BSS                         
_0_ceil                               E:0122 fpdumyl         FAR_BSS                         
_0_cosh                               E:0122 fpdumyl         FAR_BSS                         
_0_exp                                E:0122 fpdumyl         FAR_BSS                         
_0_fabs                               E:0122 fpdumyl         FAR_BSS                         
_0_floor                              E:0122 fpdumyl         FAR_BSS                         
_0_fmod                               E:0122 fpdumyl         FAR_BSS                         
_0_ldexp                              E:0122 fpdumyl         FAR_BSS                         
_0_log                                E:0122 fpdumyl         FAR_BSS                         
_0_log10                              E:0122 fpdumyl         FAR_BSS                         
_0_pow                                E:0122 fpdumyl         FAR_BSS                         
_0_sinh                               E:0122 fpdumyl         FAR_BSS                         
_0_sqrt                               E:0122 fpdumyl         FAR_BSS                         
_0_tan                                E:0122 fpdumyl         FAR_BSS                         
_0_tanh                               E:0122 fpdumyl         FAR_BSS                         
_1__far_frexp                         E:0122 fpdumyl         FAR_BSS                         
_1__far_modf                          E:0122 fpdumyl         FAR_BSS                         
_1__far_strtod                        E:0122 fpdumyl         FAR_BSS                         
_1__near_frexp                        E:0122 fpdumyl         FAR_BSS                         
_1__near_modf                         E:0122 fpdumyl         FAR_BSS                         
_1__near_strtod                       E:0122 fpdumyl         FAR_BSS                         
_1__u_dtoe                            E:0122 fpdumyl         FAR_BSS                         
_1__u_dtof                            E:0122 fpdumyl         FAR_BSS                         
_1__u_dtog                            E:0122 fpdumyl         FAR_BSS                         
_1__u_flt_info                        E:0122 fpdumyl         FAR_BSS                         
_1__u_flt_rnd                         E:0122 fpdumyl         FAR_BSS                         
_1_atan2                              E:0122 fpdumyl         FAR_BSS                         
_1_fmod                               E:0122 fpdumyl         FAR_BSS                         
_1_ldexp                              E:0122 fpdumyl         FAR_BSS                         
_1_pow                                E:0122 fpdumyl         FAR_BSS                         
_1_strtod                             E:0122 fpdumyl         FAR_BSS                         
_2__u_dtoe                            E:0122 fpdumyl         FAR_BSS                         
_2__u_dtof                            E:0122 fpdumyl         FAR_BSS                         
_2__u_dtog                            E:0122 fpdumyl         FAR_BSS                         
_2__u_flt_info                        E:0122 fpdumyl         FAR_BSS                         
___print_buff                         E:0126 PRINT_GLOBALS   FAR_BSS                         
___print_fmt                          E:0132 PRINT_GLOBALS   FAR_BSS                         
___print_leading_char                 E:013E PRINT_GLOBALS   FAR_BSS                         
___print_len                          E:013D PRINT_GLOBALS   FAR_BSS                         
___print_out                          E:013F PRINT_GLOBALS   FAR_BSS                         
___print_putch                        C:2D93 PRINT_PUTCH     t_putch_TEXT                    
___print_putromstring                 C:2DD8 PRINT_PUTROMSTR mstring_TEXT                    
___print_send                         C:270D PRINT_SEND      nt_send_TEXT                    
___print_sputch                       C:2DA9 PRINT_SPUTCH    _sputch_TEXT                    
___print_uputch                       C:2D7A PRINT_UPUTCH    _uputch_TEXT                    
___print_xputch                       E:0752 PRINT_GLOBALS   FAR_DATA                        
__close_periphdevice                  C:0039 zsldevinit      CODE                            
__far_atof                            C:003A fpdumyl         CODE                            
__far_frexp                           C:003A fpdumyl         CODE                            
__far_modf                            C:003A fpdumyl         CODE                            
__far_strlen                          C:2D11 STRLEN          strlen_TEXT                     
__far_strtod                          C:003A fpdumyl         CODE                            
__fpadd                               C:003A fpdumyl         CODE                            
__fpcmp                               C:003A fpdumyl         CODE                            
__fpdiv                               C:003A fpdumyl         CODE                            
__fpftol                              C:003A fpdumyl         CODE                            
__fpltof                              C:003A fpdumyl         CODE                            
__fpmul                               C:003A fpdumyl         CODE                            
__fpneg                               C:003A fpdumyl         CODE                            
__fppack                              C:003A fpdumyl         CODE                            
__fpsub                               C:003A fpdumyl         CODE                            
__fpultof                             C:003A fpdumyl         CODE                            
__fpupop1                             C:003A fpdumyl         CODE                            
__fpupop2                             C:003A fpdumyl         CODE                            
__framereset                          C:0066 frame           CODE                            
__frameset                            C:0047 frame           CODE                            
__frameset0                           C:0045 frame           CODE                            
__frameset00                          C:0043 frame           CODE                            
__iframereset                         C:007D frame           CODE                            
__iframeset00                         C:003B frame           CODE                            
__intrp                               E:0141 startupl        FAR_DATA                        
__near_atof                           C:003A fpdumyl         CODE                            
__near_frexp                          C:003A fpdumyl         CODE                            
__near_modf                           C:003A fpdumyl         CODE                            
__near_strtod                         C:003A fpdumyl         CODE                            
__open_periphdevice                   C:0038 zsldevinit      CODE                            
__sbdiv                               C:01FD sbdiv           CODE                            
__slmul                               C:00DD ulmul           CODE                            
__swdiv                               C:00A2 swdiv           CODE                            
__swmul                               C:0175 uwmul           CODE                            
__u_dtoe                              C:003A fpdumyl         CODE                            
__u_dtof                              C:003A fpdumyl         CODE                            
__u_dtog                              C:003A fpdumyl         CODE                            
__u_flt_info                          C:003A fpdumyl         CODE                            
__u_flt_rnd                           C:003A fpdumyl         CODE                            
__u_ltoa                              C:28F8 ULTOA           ultoa_TEXT                      
__u_reverse                           C:2E63 UREVERSE        reverse_TEXT                    
__u_stoa                              C:2D53 USTOA           ustoa_TEXT                      
__ubdiv                               C:029B ubdiv           CODE                            
__ucase                               C:025D ucase           CODE                            
__uldiv                               C:01A8 uldiv           CODE                            
__ulmul                               C:00DD ulmul           CODE                            
__user_frequency                    01194000 (User Defined)
__uwdiv                               C:022C uwdiv           CODE                            
__uwmul                               C:0175 uwmul           CODE                            
_abs                                  C:2E25 ABS             abs_TEXT                        
_acos                                 C:003A fpdumyl         CODE                            
_applyPowerup                         C:2624 POWERUP         powerup_TEXT                    
_asin                                 C:003A fpdumyl         CODE                            
_atan                                 C:003A fpdumyl         CODE                            
_atan2                                C:003A fpdumyl         CODE                            
_BCOLOR_BLACK                         E:0749 COLOR           FAR_DATA                        
_BCOLOR_BLUE                          E:074D COLOR           FAR_DATA                        
_BCOLOR_BROWN                         E:074C COLOR           FAR_DATA                        
_BCOLOR_CYAN                          E:074F COLOR           FAR_DATA                        
_BCOLOR_GRAY                          E:0750 COLOR           FAR_DATA                        
_BCOLOR_GREEN                         E:074B COLOR           FAR_DATA                        
_BCOLOR_PURPLE                        E:074E COLOR           FAR_DATA                        
_BCOLOR_RED                           E:074A COLOR           FAR_DATA                        
_bdraw                                C:19C3 BALL            ball_TEXT                       
_bgcolor                              C:072E ANSI            ansi_TEXT                       
_blink                                C:09AA ANSI            ansi_TEXT                       
_c_startup                            C:02C4 startupl        startup                         
_ceil                                 C:003A fpdumyl         CODE                            
_character_data                       E:0552 SCREENIO        FAR_DATA                        
_clearBall                            C:1A39 BALL            ball_TEXT                       
_clearStriker                         C:1FA9 STRIKER         striker_TEXT                    
_clearStrikerLeft                     C:1FEB STRIKER         striker_TEXT                    
_clearStrikerRight                    C:2043 STRIKER         striker_TEXT                    
_clockScreen                          C:159D SCREENIO        creenio_TEXT                    
_close_periphdevice                   C:0039 zsldevinit      CODE                            
_clreol                               C:0891 ANSI            ansi_TEXT                       
_clrscr                               C:0860 ANSI            ansi_TEXT                       
_color                                C:0779 ANSI            ansi_TEXT                       
_columnScrollOffset                   E:0732 SCREENIO        FAR_DATA                        
_cos                                  C:1289 SINELUT         sinelut_TEXT                    
_cosh                                 C:003A fpdumyl         CODE                            
_delay                                C:1908 CLOCKIO         clockio_TEXT                    
_drawBall                             C:1A06 BALL            ball_TEXT                       
_drawStriker                          C:1F67 STRIKER         striker_TEXT                    
_drawStrikerLeft                      C:209B STRIKER         striker_TEXT                    
_drawStrikerRight                     C:20F3 STRIKER         striker_TEXT                    
_errno                                E:0100 startupl        FAR_BSS                         
_exit                                 C:0333 startupl        startup                         
_exp                                  C:003A fpdumyl         CODE                            
_expand                               C:1170 SINELUT         sinelut_TEXT                    
_fabs                                 C:003A fpdumyl         CODE                            
_far_heapbot                        00000754 (User Defined)
_far_heaptop                        00000EFF (User Defined)
_far_stack                          00000EFF (User Defined)
_FCOLOR_BLACK                         E:0739 COLOR           FAR_DATA                        
_FCOLOR_BLUE                          E:073D COLOR           FAR_DATA                        
_FCOLOR_BROWN                         E:073C COLOR           FAR_DATA                        
_FCOLOR_CYAN                          E:073F COLOR           FAR_DATA                        
_FCOLOR_DARK_GRAY                     E:0741 COLOR           FAR_DATA                        
_FCOLOR_GREEN                         E:073B COLOR           FAR_DATA                        
_FCOLOR_LIGHT_BLUE                    E:0745 COLOR           FAR_DATA                        
_FCOLOR_LIGHT_CYAN                    E:0747 COLOR           FAR_DATA                        
_FCOLOR_LIGHT_GRAY                    E:0740 COLOR           FAR_DATA                        
_FCOLOR_LIGHT_GREEN                   E:0743 COLOR           FAR_DATA                        
_FCOLOR_LIGHT_PURPLE                  E:0746 COLOR           FAR_DATA                        
_FCOLOR_LIGHT_RED                     E:0742 COLOR           FAR_DATA                        
_FCOLOR_PURPLE                        E:073E COLOR           FAR_DATA                        
_FCOLOR_RED                           E:073A COLOR           FAR_DATA                        
_FCOLOR_WHITE                         E:0748 COLOR           FAR_DATA                        
_FCOLOR_YELLOW                        E:0744 COLOR           FAR_DATA                        
_fgcolor                              C:0698 ANSI            ansi_TEXT                       
_floor                                C:003A fpdumyl         CODE                            
_fmod                                 C:003A fpdumyl         CODE                            
_g_clock0                             E:0143 zsldevinit      FAR_DATA                        
_g_clock1                             E:0143 zsldevinit      FAR_DATA                        
_g_simulate                           E:0142 zsldevinit      FAR_DATA                        
_g_Txflag0                            E:0754 WRITEUART0      FAR_DATA                        
_get_freq                             C:28E5 get_freq        getfreq_TEXT                    
_getCharColumnCharArray               C:13BB SCREENIO        creenio_TEXT                    
_getMiliseconds                       C:19A7 CLOCKIO         clockio_TEXT                    
_gotoxy                               C:08C2 ANSI            ansi_TEXT                       
_halfmiliseconds                      E:0735 CLOCKIO         FAR_DATA                        
_impact                               C:1DC5 BALL            ball_TEXT                       
_init_uart                            C:2659 SIO             sio_TEXT                        
_initBall                             C:1A6D BALL            ball_TEXT                       
_initButtons                          C:17C6 BUTTONIO        uttonio_TEXT                    
_initClock                            C:1968 CLOCKIO         clockio_TEXT                    
_initGame                             C:241D GAME            game_TEXT                       
_initLevel                            C:242B LEVEL           level_TEXT                      
_initScreen                           C:1550 SCREENIO        creenio_TEXT                    
_initStriker                          C:239F STRIKER         striker_TEXT                    
_initVector                           C:0FEC ANSI            ansi_TEXT                       
_isBallDead                           C:1D20 BALL            ball_TEXT                       
_isd3Pressed                          C:18BD BUTTONIO        uttonio_TEXT                    
_isf6Pressed                          C:1872 BUTTONIO        uttonio_TEXT                    
_isf7Pressed                          C:1823 BUTTONIO        uttonio_TEXT                    
_ldexp                                C:003A fpdumyl         CODE                            
_LEDinit                              C:13A1 SCREENIO        creenio_TEXT                    
_LEDsetString                         C:13F6 SCREENIO        creenio_TEXT                    
_LEDupdate                            C:16A9 SCREENIO        creenio_TEXT                    
_LEDUpdateCount                       E:0731 SCREENIO        FAR_DATA                        
_LEDupdateFlag                        E:0733 CLOCKIO         FAR_DATA                        
_LEDWriteCharColumnsToScreen          C:164F SCREENIO        creenio_TEXT                    
_len_farbss                         00000041 (User Defined)
_len_fardata                        00000614 (User Defined)
_len_nearbss                        00000000 (User Defined)
_len_neardata                       00000000 (User Defined)
_loadCharIntoVideoBuffer              C:14DD SCREENIO        creenio_TEXT                    
_log                                  C:003A fpdumyl         CODE                            
_log10                                C:003A fpdumyl         CODE                            
_low_far_romdata                    0000304F (User Defined)
_low_farbss                         00000100 (User Defined)
_low_fardata                        00000141 (User Defined)
_low_near_romdata                   00000000 (User Defined)
_low_nearbss                        00000000 (User Defined)
_low_neardata                       00000000 (User Defined)
_main                                 C:0335 MAIN            main_TEXT                       
_moveBall                             C:1B2E BALL            ball_TEXT                       
_movecursor                           C:0ABC ANSI            ansi_TEXT                       
_moveStriker                          C:22C5 STRIKER         striker_TEXT                    
_moveStrikerLeft                      C:214B STRIKER         striker_TEXT                    
_moveStrikerPreShot                   C:2439 LEVEL           level_TEXT                      
_moveStrikerRight                     C:2208 STRIKER         striker_TEXT                    
_near_heapbot                       000000EF (User Defined)
_near_heaptop                       000000FF (User Defined)
_near_stack                         000000FF (User Defined)
_open_periphdevice                    C:0038 zsldevinit      CODE                            
_pow                                  C:003A fpdumyl         CODE                            
_printFix                             C:1193 SINELUT         sinelut_TEXT                    
_putch                                C:2F38 PUTCH           putch_TEXT                      
_readkeys                             C:17ED BUTTONIO        uttonio_TEXT                    
_resetbgcolor                         C:082F ANSI            ansi_TEXT                       
_reverse                              C:0A33 ANSI            ansi_TEXT                       
_rotate                               C:102F ANSI            ansi_TEXT                       
_runClock                             E:0734 CLOCKIO         FAR_DATA                        
_scrollText                           C:16F9 SCREENIO        creenio_TEXT                    
_sdraw                                C:1EF0 STRIKER         striker_TEXT                    
_select_port                          C:262B SIO             sio_TEXT                        
_sin                                  C:12A7 SINELUT         sinelut_TEXT                    
_SIN                                  E:0152 SINELUT         FAR_DATA                        
_sinh                                 C:003A fpdumyl         CODE                            
_sqrt                                 C:003A fpdumyl         CODE                            
_startClock                           C:1991 CLOCKIO         clockio_TEXT                    
_stopClock                            C:199C CLOCKIO         clockio_TEXT                    
_tan                                  C:003A fpdumyl         CODE                            
_tanh                                 C:003A fpdumyl         CODE                            
_timer0int                            C:1944 CLOCKIO         clockio_TEXT                    
_underline                            C:0921 ANSI            ansi_TEXT                       
_updateBall                           C:1C8F BALL            ball_TEXT                       
_updateGame                           C:2424 GAME            game_TEXT                       
_updateLevel                          C:2432 LEVEL           level_TEXT                      
_videoBuffer                          E:0102 SCREENIO        FAR_BSS                         
_waitOnce                             C:1935 CLOCKIO         clockio_TEXT                    
_wholeString                          E:0120 SCREENIO        FAR_BSS                         
_wholeStringIndex                     E:072D SCREENIO        FAR_DATA                        
_wholeStringLength                    E:072F SCREENIO        FAR_DATA                        
_window                               C:0BEF ANSI            ansi_TEXT                       
_write_UART0                          C:2F95 WRITEUART0      teuart0_TEXT                    
_writeLED                             C:15FA SCREENIO        creenio_TEXT                    
_zsl_g_clock_xdefine                01194000 (User Defined)

262 external symbol(s).


START ADDRESS:
==============
(C:02C4) set in module ..\..\src\boot\common\startupl.asm.

CALL GRAPH
==========
Depth Address    CF Function                       Calls Function
----- ---------- -- ------------------------------ --------------------------------
    1 R:20        0 _get_freq                      ->
    2 E:0100      0 _f__far_modf                   ->
    3 R:20        0 _n__floor                      ->
    4 R:20        0 _n___u_flt_rnd                 ->
    5 R:20        0 _n__far_modf                   ->
    6 R:20        0 _n__sqrt                       ->
    7 R:20        0 _n__near_modf                  ->
    8 E:0100      0 _f__atan                       ->
    9 E:0100      0 _f__pow                        ->
   10 R:20        0 _n__near_strtod                ->
   11 E:0100      0 _f__atan2                      ->
   12 R:20        0 _n__far_strtod                 ->
   13 E:0100      0 _f__far_strtod                 ->
   14 R:20        0 _n__atan                       ->
   15 E:0100      0 _f__log10                      ->
   16 E:0100      0 _f__log                        ->
   17 E:0100      0 _f__floor                      ->
   18 R:20        0 _n__exp                        ->
   19 E:0100      0 _f__fmod                       ->
   20 E:0100      0 _f__near_modf                  ->
   21 R:20        0 _n__tan                        ->
   22 E:0100      0 _f___u_flt_info                ->
   23 R:20        0 _n__atan2                      ->
   24 R:20        0 _n__near_atof                  ->
   25 E:0100      0 _f__far_atof                   ->
   26 R:20        0 _n__far_atof                   ->
   27 E:0100      0 _f__acos                       ->
   28 E:0100      0 _f__cosh                       ->
   29 R:20        0 _n___u_dtog                    ->
   30 R:20        0 _n___u_dtof                    ->
   31 R:20        0 _n___u_dtoe                    ->
   32 R:20        0 _n__cosh                       ->
   33 R:20        0 _n__sinh                       ->
   34 R:20        0 _n__acos                       ->
   35 E:0100      0 _f__far_frexp                  ->
   36 E:0100      0 _f__tan                        ->
   37 R:20        0 _n__ldexp                      ->
   38 E:0100      0 _f__tanh                       ->
   39 R:20        0 _n___u_flt_info                ->
   40 E:0100      0 _f__sinh                       ->
   41 E:0100      0 _f__near_frexp                 ->
   42 E:0100      0 _f__near_atof                  ->
   43 E:0100      0 _f___u__dtog                   ->
   44 E:0100      0 _f___u__dtof                   ->
   45 E:0100      0 _f___u__dtoe                   ->
   46 R:20        0 _n__tanh                       ->
   47 R:20        0 _n__near_frexp                 ->
   48 R:20        0 _n__far_frexp                  ->
   49 E:0100      0 _f__ldexp                      ->
   50 E:0100      0 _f__asin                       ->
   51 R:20        0 _n__fabs                       ->
   52 E:0100      0 _f__ceil                       ->
   53 R:20        0 _n__pow                        ->
   54 E:0100      0 _f__near_strtod                ->
   55 E:0100      0 _f__fabs                       ->
   56 R:20        0 _n__ceil                       ->
   57 R:20        0 _n__fmod                       ->
   58 R:20        0 _n__log10                      ->
   59 R:20        0 _n__asin                       ->
   60 E:0100      0 _f__sqrt                       ->
   61 E:0100      0 _f___u_flt_rnd                 ->
   62 R:20        0 _n__log                        ->
   63 E:0100      0 _f__exp                        ->


END OF LINK MAP:
================
0 Errors
0 Warnings
