
IEEE 695 OMF Linker Version 6.03 (05021601)
Copyright (C) 1999-2004 ZiLOG, Inc. All Rights Reserved

LINK MAP:

DATE:      Wed Jun 22 13:30:29 2016
PROCESSOR: assembler
FILES:     D:\ProgramFiles\ZiLOG\ZDSIIZ8Encore493\lib\zilog\startupL.obj
           .\zsldevinit.obj
           .\main.obj             .\ansi.obj             .\buttonio.obj         
           .\clockio.obj          .\ball.obj             .\boss.obj             
           .\brick.obj            .\game.obj             .\level.obj            
           .\striker.obj          .\timer.obj            .\random.obj           
           .\joystick.obj         .\bounce.obj           
           .\trigonometry.obj
           .\sound.obj            .\charset.obj          
           .\readonlymemory.obj
           .\display.obj          
           D:\ProgramFiles\ZiLOG\ZDSIIZ8Encore493\lib\std\crtrevaaLDD.lib
           D:\ProgramFiles\ZiLOG\ZDSIIZ8Encore493\lib\std\fpdumyL.obj
           D:\ProgramFiles\ZiLOG\ZDSIIZ8Encore493\lib\zilog\zslLYD.lib
           


COMMAND LIST:
=============
/* Linker Command File - HelloWorld Debug */

/* compiler options */
/* -alias -asm -bitfieldsize:32 -charsize:8 -const:RAM -debug */
/* -define:_Z8F6403 -define:_Z8ENCORE_640_FAMILY */
/* -define:_Z8ENCORE_F640X -define:_MODEL_LARGE -define:_SIMULATE */
/* -doublesize:32 -NOexpmac -floatsize:32 -NOfplib -genprintf */
/* -NOglobalcopy -NOglobalcse -NOglobalfold -intrinsic -intsize:16 */
/* -intsrc -NOjmpopt -NOkeepasm -NOkeeplst -NOlist -NOlistinc */
/* -localcopy -localcse -localfold -longsize:32 -NOloopopt */
/* -maxerrs:50 -model:L -NOoptlink -optsize -peephole -NOpromote */
/* -quiet -regvar -revaa -NOsdiopt -shortsize:16 */
/* -stdinc:"D:\ProgramFiles\ZiLOG\ZDSIIZ8Encore493\include\std;D:\ProgramFiles\ZiLOG\ZDSIIZ8Encore493\include\zilog;D:\ProgramFiles\ZiLOG\ZDSIIZ8Encore493\include\zilog\Z8Encore_F640X" */
/* -strict */
/* -usrinc:"M:\Documents\GitHub\Programming-project-exercies\Z8encore\include;C:\Users\Andreas\Documents\GitHub\Programming-project-exercies\Z8encore\include;C:\Users\s153498\Desktop\Microprocessorprogrammer\HelloWorld\Programming-project-exercies\Z8encore\include" */
/* -NOwatch -cpu:Z8F6403 */
/* -asmsw:" -cpu:Z8F6403 -define:_Z8F6403=1 -define:_Z8ENCORE_640_FAMILY=1 -define:_Z8ENCORE_F640X=1 -define:_MODEL_LARGE=1 -define:_SIMULATE=1 -include:D:\ProgramFiles\ZiLOG\ZDSIIZ8Encore493\include\std;D:\ProgramFiles\ZiLOG\ZDSIIZ8Encore493\include\zilog;D:\ProgramFiles\ZiLOG\ZDSIIZ8Encore493\include\zilog\Z8Encore_F640X -revaa" */

/* assembler options */
/* -debug -define:_Z8F6403=1 -define:_Z8ENCORE_640_FAMILY=1 */
/* -define:_Z8ENCORE_F640X=1 -define:_MODEL_LARGE=1 */
/* -define:_SIMULATE=1 -genobj -NOigcase */
/* -include:"D:\ProgramFiles\ZiLOG\ZDSIIZ8Encore493\include\std;D:\ProgramFiles\ZiLOG\ZDSIIZ8Encore493\include\zilog;D:\ProgramFiles\ZiLOG\ZDSIIZ8Encore493\include\zilog\Z8Encore_F640X" */
/* -list -NOlistmac -name -pagelen:56 -pagewidth:80 -quiet -sdiopt */
/* -warn -NOzmasm -revaa -cpu:Z8F6403 */

-FORMAT=OMF695
-NOigcase -map -quiet -warn -NOwarnoverlap -NOxref

RANGE ROM $0 : $FFFF
RANGE RDATA $20 : $FF
RANGE EDATA $100 : $EFF

CHANGE TEXT=EDATA
CHANGE TEXT=FAR_DATA
change NEAR_TXT=NEAR_DATA
change FAR_TXT=FAR_DATA
ORDER FAR_BSS, FAR_DATA
ORDER NEAR_BSS,NEAR_DATA
COPY NEAR_DATA ROM
COPY FAR_DATA ROM

define _low_near_romdata = copy base of NEAR_DATA
define _low_neardata = base of NEAR_DATA
define _len_neardata = length of NEAR_DATA
define _low_far_romdata = copy base of FAR_DATA
define _low_fardata = base of FAR_DATA
define _len_fardata = length of FAR_DATA
define _low_nearbss = base of NEAR_BSS
define _len_nearbss = length of NEAR_BSS
define _low_farbss = base of FAR_BSS
define _len_farbss = length of FAR_BSS
define _far_heaptop = highaddr of EDATA
define _far_stack = highaddr of EDATA
define _near_stack = highaddr of RDATA
define _far_heapbot = top of EDATA
define _near_heaptop = highaddr of RDATA
define _near_heapbot = top of RDATA

define _zsl_g_clock_xdefine = 5529600

/* Set frequency to 20000000 MHz */
define __user_frequency = 20000000

"C:\Users\Andreas\Documents\GitHub\Programming-project-exercies\HelloWorld"=  D:\ProgramFiles\ZiLOG\ZDSIIZ8Encore493\lib\zilog\startupL.obj,  .\zsldevinit.obj,  .\main.obj,  .\ansi.obj,  .\buttonio.obj,  .\clockio.obj,  .\ball.obj,  .\boss.obj,  .\brick.obj,  .\game.obj,  .\level.obj,  .\striker.obj,  .\timer.obj,  .\random.obj,  .\joystick.obj,  .\bounce.obj,  .\trigonometry.obj,  .\sound.obj,  .\charset.obj,  .\readonlymemory.obj,  .\display.obj,  D:\ProgramFiles\ZiLOG\ZDSIIZ8Encore493\lib\std\crtrevaaLDD.lib,  D:\ProgramFiles\ZiLOG\ZDSIIZ8Encore493\lib\std\fpdumyL.obj,  D:\ProgramFiles\ZiLOG\ZDSIIZ8Encore493\lib\zilog\zslLYD.lib


SEGMENT OVERLAYS:
=================

Name                                     Base        Top       Length
------------------------------------ ----------- ----------- ----------
Section: __VECTORS                        C:0000      C:000C         dh

SPACE ALLOCATION:
=================

Space              Base        Top         Size
------------------ ----------- ----------- ---------
EDATA                   E:0100      E:0995      896h
RDATA                     R:E0        R:EF       10h
ROM                     C:0000      C:6C6F     6c70h


SEGMENTS WITHIN SPACE:
======================

EDATA              Type                Base        Top         Size
------------------ ------------------- ----------- ----------- ---------
FAR_BSS            normal data              E:0100      E:0140       41h
FAR_DATA           normal data              E:0141      E:0995      855h


RDATA              Type                Base        Top         Size
------------------ ------------------- ----------- ----------- ---------
workingreg         absolute data              R:E0        R:EF       10h


ROM                Type                Base        Top         Size
------------------ ------------------- ----------- ----------- ---------
__VECTORS          absolute data            C:0000      C:0037       38h
_sputch_TEXT       normal data              C:5FB3      C:5FE1       2fh
_uputch_TEXT       normal data              C:5F84      C:5F9C       19h
abs_TEXT           normal data              C:61F1      C:622E       3eh
ansi_TEXT          normal data              C:04FA      C:1088      b8fh
ball_TEXT          normal data              C:122E      C:1AF6      8c9h
boss_TEXT          normal data              C:1AF7      C:212D      637h
bounce_TEXT        normal data              C:4C2E      C:4C84       57h
brick_TEXT         normal data              C:212E      C:2B71      a44h
charset_TEXT       normal data              C:5229      C:53EB      1c3h
clockio_TEXT       normal data              C:118B      C:122D       a3h
CODE               normal data              C:0038      C:02C9      292h
display_TEXT       normal data              C:5445      C:5834      3f0h
FAR_DATA           * segment copy *         C:641B      C:6C6F      855h
game_TEXT          normal data              C:2B72      C:3DC6     1255h
getfreq_TEXT       normal data              C:5AEB      C:5B01       17h
level_TEXT         normal data              C:3DC7      C:40BB      2f5h
main_TEXT          normal data              C:0496      C:04F9       64h
mstring_TEXT       normal data              C:61A4      C:61F0       4dh
nometry_TEXT       normal data              C:4C85      C:4EB5      231h
nt_send_TEXT       normal data              C:5917      C:5AEA      1d4h
oystick_TEXT       normal data              C:4B49      C:4C2D       e5h
putch_TEXT         normal data              C:6304      C:6360       5dh
reverse_TEXT       normal data              C:622F      C:6303       d5h
ROM_TEXT           normal data              C:02CA      C:0424      15bh
sio_TEXT           normal data              C:5835      C:5916       e2h
sound_TEXT         normal data              C:4EB6      C:5228      373h
startup            normal data              C:0425      C:0495       71h
striker_TEXT       normal data              C:40BC      C:4A95      9dah
strlen_TEXT        normal data              C:5F1B      C:5F5C       42h
t_putch_TEXT       normal data              C:5F9D      C:5FB2       16h
teuart0_TEXT       normal data              C:6361      C:641A       bah
timer_TEXT         normal data              C:4A96      C:4B48       b3h
tstring_TEXT       normal data              C:5FE2      C:61A3      1c2h
ultoa_TEXT         normal data              C:5B02      C:5F1A      419h
ustoa_TEXT         normal data              C:5F5D      C:5F83       27h
uttonio_TEXT       normal data              C:1089      C:118A      102h
ymemory_TEXT       normal data              C:53EC      C:5444       59h

SEGMENTS WITHIN MODULES:
========================

Module: ..\..\src\boot\common\startupl.asm (File: startupL.obj) Version: 1:0 02/23/2005 13:22:37

    Name                                        Base        Top      Size
    --------------------------------------- ----------- ----------- ---------
    Segment: __VECTORS                           C:0000      C:0037       38h
    Segment: FAR_BSS                             E:0100      E:0101        2h
    Segment: FAR_DATA                            E:0141      E:0141        1h
    Segment: startup                             C:0425      C:0495       71h
    Segment: workingreg                            R:E0        R:EF       10h


Module: ..\UART\COMMON\PUTCH.C (Library: zslLYD.lib) Version: 1:0 02/23/2005 13:32:42

    Name                                        Base        Top      Size
    --------------------------------------- ----------- ----------- ---------
    Segment: putch_TEXT                          C:6304      C:6360       5dh


Module: ..\UART\COMMON\WRITEUART0.C (Library: zslLYD.lib) Version: 1:0 02/23/2005 13:32:38

    Name                                        Base        Top      Size
    --------------------------------------- ----------- ----------- ---------
    Segment: FAR_DATA                            E:0929      E:0929        1h
    Segment: teuart0_TEXT                        C:6361      C:641A       bah


Module: C:\Users\Andreas\Documents\GitHub\Programming-project-exercies\zsldevinit.asm (File: zsldevinit.obj) Version: 1:0 06/22/2016 13:30:27

    Name                                        Base        Top      Size
    --------------------------------------- ----------- ----------- ---------
    Segment: CODE                                C:0038      C:0039        2h
    Segment: FAR_DATA                            E:0142      E:0146        5h


Module: COMMON\ABS.C (Library: crtrevaaLDD.lib) Version: 1:0 02/23/2005 13:27:08

    Name                                        Base        Top      Size
    --------------------------------------- ----------- ----------- ---------
    Segment: abs_TEXT                            C:61F1      C:622E       3eh


Module: common\fpdumyl.asm (File: fpdumyL.obj) Version: 1:0 02/23/2005 13:22:38

    Name                                        Base        Top      Size
    --------------------------------------- ----------- ----------- ---------
    Segment: CODE                                C:003A      C:003A        1h
    Segment: FAR_BSS                             E:0122      E:0125        4h


Module: common\frame.asm (Library: crtrevaaLDD.lib) Version: 1:0 02/23/2005 13:27:20

    Name                                        Base        Top      Size
    --------------------------------------- ----------- ----------- ---------
    Segment: CODE                                C:003B      C:00A1       67h


Module: COMMON\PRINT_GLOBALS.C (Library: crtrevaaLDD.lib) Version: 1:0 02/23/2005 13:27:11

    Name                                        Base        Top      Size
    --------------------------------------- ----------- ----------- ---------
    Segment: FAR_BSS                             E:0126      E:0140       1bh
    Segment: FAR_DATA                            E:0927      E:0928        2h


Module: COMMON\PRINT_PUTCH.C (Library: crtrevaaLDD.lib) Version: 1:0 02/23/2005 13:27:11

    Name                                        Base        Top      Size
    --------------------------------------- ----------- ----------- ---------
    Segment: t_putch_TEXT                        C:5F9D      C:5FB2       16h


Module: COMMON\PRINT_PUTROMSTRING.C (Library: crtrevaaLDD.lib) Version: 1:0 02/23/2005 13:27:12

    Name                                        Base        Top      Size
    --------------------------------------- ----------- ----------- ---------
    Segment: mstring_TEXT                        C:61A4      C:61F0       4dh


Module: COMMON\PRINT_PUTSTRING.C (Library: crtrevaaLDD.lib) Version: 1:0 02/23/2005 13:27:12

    Name                                        Base        Top      Size
    --------------------------------------- ----------- ----------- ---------
    Segment: tstring_TEXT                        C:5FE2      C:61A3      1c2h


Module: COMMON\PRINT_SEND.C (Library: crtrevaaLDD.lib) Version: 1:0 02/23/2005 13:27:12

    Name                                        Base        Top      Size
    --------------------------------------- ----------- ----------- ---------
    Segment: nt_send_TEXT                        C:5917      C:5AEA      1d4h


Module: COMMON\PRINT_SPUTCH.C (Library: crtrevaaLDD.lib) Version: 1:0 02/23/2005 13:27:11

    Name                                        Base        Top      Size
    --------------------------------------- ----------- ----------- ---------
    Segment: _sputch_TEXT                        C:5FB3      C:5FE1       2fh


Module: COMMON\PRINT_UPUTCH.C (Library: crtrevaaLDD.lib) Version: 1:0 02/23/2005 13:27:11

    Name                                        Base        Top      Size
    --------------------------------------- ----------- ----------- ---------
    Segment: _uputch_TEXT                        C:5F84      C:5F9C       19h


Module: COMMON\SIO.C (Library: crtrevaaLDD.lib) Version: 1:0 02/23/2005 13:27:13

    Name                                        Base        Top      Size
    --------------------------------------- ----------- ----------- ---------
    Segment: FAR_DATA                            E:0926      E:0926        1h
    Segment: sio_TEXT                            C:5835      C:5916       e2h


Module: common\sldiv.asm (Library: crtrevaaLDD.lib) Version: 1:0 02/23/2005 13:27:19

    Name                                        Base        Top      Size
    --------------------------------------- ----------- ----------- ---------
    Segment: CODE                                C:01FD      C:0257       5bh


Module: COMMON\STRLEN.C (Library: crtrevaaLDD.lib) Version: 1:0 02/23/2005 13:27:14

    Name                                        Base        Top      Size
    --------------------------------------- ----------- ----------- ---------
    Segment: strlen_TEXT                         C:5F1B      C:5F5C       42h


Module: common\swdiv.asm (Library: crtrevaaLDD.lib) Version: 1:0 02/23/2005 13:27:19

    Name                                        Base        Top      Size
    --------------------------------------- ----------- ----------- ---------
    Segment: CODE                                C:00A2      C:00DC       3bh


Module: common\ubmul.asm (Library: crtrevaaLDD.lib) Version: 1:0 02/23/2005 13:27:19

    Name                                        Base        Top      Size
    --------------------------------------- ----------- ----------- ---------
    Segment: CODE                                C:02C7      C:02C9        3h


Module: common\ucase.asm (Library: crtrevaaLDD.lib) Version: 1:0 02/23/2005 13:27:19

    Name                                        Base        Top      Size
    --------------------------------------- ----------- ----------- ---------
    Segment: CODE                                C:0289      C:02C6       3eh


Module: common\uldiv.asm (Library: crtrevaaLDD.lib) Version: 1:0 02/23/2005 13:27:19

    Name                                        Base        Top      Size
    --------------------------------------- ----------- ----------- ---------
    Segment: CODE                                C:01A8      C:01FC       55h


Module: common\ulmul.asm (Library: crtrevaaLDD.lib) Version: 1:0 02/23/2005 13:27:19

    Name                                        Base        Top      Size
    --------------------------------------- ----------- ----------- ---------
    Segment: CODE                                C:00DD      C:0174       98h


Module: COMMON\ULTOA.C (Library: crtrevaaLDD.lib) Version: 1:0 02/23/2005 13:27:16

    Name                                        Base        Top      Size
    --------------------------------------- ----------- ----------- ---------
    Segment: ultoa_TEXT                          C:5B02      C:5F1A      419h


Module: COMMON\UREVERSE.C (Library: crtrevaaLDD.lib) Version: 1:0 02/23/2005 13:27:17

    Name                                        Base        Top      Size
    --------------------------------------- ----------- ----------- ---------
    Segment: reverse_TEXT                        C:622F      C:6303       d5h


Module: COMMON\USTOA.C (Library: crtrevaaLDD.lib) Version: 1:0 02/23/2005 13:27:18

    Name                                        Base        Top      Size
    --------------------------------------- ----------- ----------- ---------
    Segment: ustoa_TEXT                          C:5F5D      C:5F83       27h


Module: common\uwdiv.asm (Library: crtrevaaLDD.lib) Version: 1:0 02/23/2005 13:27:19

    Name                                        Base        Top      Size
    --------------------------------------- ----------- ----------- ---------
    Segment: CODE                                C:0258      C:0288       31h


Module: common\uwmul.asm (Library: crtrevaaLDD.lib) Version: 1:0 02/23/2005 13:27:19

    Name                                        Base        Top      Size
    --------------------------------------- ----------- ----------- ---------
    Segment: CODE                                C:0175      C:01A7       33h


Module: get_freq.asm (Library: crtrevaaLDD.lib) Version: 1:0 02/23/2005 13:27:19

    Name                                        Base        Top      Size
    --------------------------------------- ----------- ----------- ---------
    Segment: getfreq_TEXT                        C:5AEB      C:5B01       17h


Module: Z8ENCORE\ANSIPROJECT\MAIN.C (File: main.obj) Version: 1:0 06/22/2016 13:30:27

    Name                                        Base        Top      Size
    --------------------------------------- ----------- ----------- ---------
    Segment: main_TEXT                           C:0496      C:04F9       64h


Module: Z8ENCORE\INCLUDE\SRC\ANSI.C (File: ansi.obj) Version: 1:0 06/22/2016 13:30:27

    Name                                        Base        Top      Size
    --------------------------------------- ----------- ----------- ---------
    Segment: ansi_TEXT                           C:04FA      C:1088      b8fh
    Segment: ROM_TEXT                            C:02CA      C:02D9       10h


Module: Z8ENCORE\INCLUDE\SRC\BALL.C (File: ball.obj) Version: 1:0 06/22/2016 13:30:27

    Name                                        Base        Top      Size
    --------------------------------------- ----------- ----------- ---------
    Segment: ball_TEXT                           C:122E      C:1AF6      8c9h


Module: Z8ENCORE\INCLUDE\SRC\BOSS.C (File: boss.obj) Version: 1:0 06/22/2016 13:30:27

    Name                                        Base        Top      Size
    --------------------------------------- ----------- ----------- ---------
    Segment: boss_TEXT                           C:1AF7      C:212D      637h


Module: Z8ENCORE\INCLUDE\SRC\BOUNCE.C (File: bounce.obj) Version: 1:0 06/22/2016 13:30:28

    Name                                        Base        Top      Size
    --------------------------------------- ----------- ----------- ---------
    Segment: bounce_TEXT                         C:4C2E      C:4C84       57h


Module: Z8ENCORE\INCLUDE\SRC\BRICK.C (File: brick.obj) Version: 1:0 06/22/2016 13:30:28

    Name                                        Base        Top      Size
    --------------------------------------- ----------- ----------- ---------
    Segment: brick_TEXT                          C:212E      C:2B71      a44h


Module: Z8ENCORE\INCLUDE\SRC\BUTTONIO.C (File: buttonio.obj) Version: 1:0 06/22/2016 13:30:27

    Name                                        Base        Top      Size
    --------------------------------------- ----------- ----------- ---------
    Segment: uttonio_TEXT                        C:1089      C:118A      102h


Module: Z8ENCORE\INCLUDE\SRC\CHARSET.C (File: charset.obj) Version: 1:0 06/22/2016 13:30:29

    Name                                        Base        Top      Size
    --------------------------------------- ----------- ----------- ---------
    Segment: charset_TEXT                        C:5229      C:53EB      1c3h
    Segment: FAR_DATA                            E:0745      E:091F      1dbh


Module: Z8ENCORE\INCLUDE\SRC\CLOCKIO.C (File: clockio.obj) Version: 1:0 06/22/2016 13:30:27

    Name                                        Base        Top      Size
    --------------------------------------- ----------- ----------- ---------
    Segment: __VECTORS                           C:0000      C:000D        eh
    Segment: clockio_TEXT                        C:118B      C:122D       a3h
    Segment: FAR_DATA                            E:0147      E:014B        5h


Module: Z8ENCORE\INCLUDE\SRC\DISPLAY.C (File: display.obj) Version: 1:0 06/22/2016 13:30:29

    Name                                        Base        Top      Size
    --------------------------------------- ----------- ----------- ---------
    Segment: display_TEXT                        C:5445      C:5834      3f0h
    Segment: FAR_BSS                             E:0102      E:0121       20h
    Segment: FAR_DATA                            E:0920      E:0925        6h


Module: Z8ENCORE\INCLUDE\SRC\GAME.C (File: game.obj) Version: 1:0 06/22/2016 13:30:28

    Name                                        Base        Top      Size
    --------------------------------------- ----------- ----------- ---------
    Segment: FAR_DATA                            E:092A      E:0995       6ch
    Segment: game_TEXT                           C:2B72      C:3DC6     1255h
    Segment: ROM_TEXT                            C:02DA      C:0424      14bh


Module: Z8ENCORE\INCLUDE\SRC\JOYSTICK.C (File: joystick.obj) Version: 1:0 06/22/2016 13:30:28

    Name                                        Base        Top      Size
    --------------------------------------- ----------- ----------- ---------
    Segment: oystick_TEXT                        C:4B49      C:4C2D       e5h


Module: Z8ENCORE\INCLUDE\SRC\LEVEL.C (File: level.obj) Version: 1:0 06/22/2016 13:30:28

    Name                                        Base        Top      Size
    --------------------------------------- ----------- ----------- ---------
    Segment: FAR_DATA                            E:014C      E:0343      1f8h
    Segment: level_TEXT                          C:3DC7      C:40BB      2f5h


Module: Z8ENCORE\INCLUDE\SRC\READONLYMEMORY.C (File: readonlymemory.obj) Version: 1:0 06/22/2016 13:30:29

    Name                                        Base        Top      Size
    --------------------------------------- ----------- ----------- ---------
    Segment: ymemory_TEXT                        C:53EC      C:5444       59h


Module: Z8ENCORE\INCLUDE\SRC\SOUND.C (File: sound.obj) Version: 1:0 06/22/2016 13:30:29

    Name                                        Base        Top      Size
    --------------------------------------- ----------- ----------- ---------
    Segment: __VECTORS                           C:0000      C:000B        ch
    Segment: FAR_DATA                            E:0744      E:0744        1h
    Segment: sound_TEXT                          C:4EB6      C:5228      373h


Module: Z8ENCORE\INCLUDE\SRC\STRIKER.C (File: striker.obj) Version: 1:0 06/22/2016 13:30:28

    Name                                        Base        Top      Size
    --------------------------------------- ----------- ----------- ---------
    Segment: striker_TEXT                        C:40BC      C:4A95      9dah


Module: Z8ENCORE\INCLUDE\SRC\TIMER.C (File: timer.obj) Version: 1:0 06/22/2016 13:30:28

    Name                                        Base        Top      Size
    --------------------------------------- ----------- ----------- ---------
    Segment: timer_TEXT                          C:4A96      C:4B48       b3h


Module: Z8ENCORE\INCLUDE\SRC\TRIGONOMETRY.C (File: trigonometry.obj) Version: 1:0 06/22/2016 13:30:29

    Name                                        Base        Top      Size
    --------------------------------------- ----------- ----------- ---------
    Segment: FAR_DATA                            E:0344      E:0743      400h
    Segment: nometry_TEXT                        C:4C85      C:4EB5      231h

EXTERNAL DEFINITIONS:
=====================

Symbol                             Address   Module          Segment
-------------------------------- ----------- --------------- --------------------------------
_0__far_atof                          E:0122 fpdumyl         FAR_BSS                         
_0__far_frexp                         E:0122 fpdumyl         FAR_BSS                         
_0__far_modf                          E:0122 fpdumyl         FAR_BSS                         
_0__far_strtod                        E:0122 fpdumyl         FAR_BSS                         
_0__near_atof                         E:0122 fpdumyl         FAR_BSS                         
_0__near_frexp                        E:0122 fpdumyl         FAR_BSS                         
_0__near_modf                         E:0122 fpdumyl         FAR_BSS                         
_0__near_strtod                       E:0122 fpdumyl         FAR_BSS                         
_0__u_dtoe                            E:0122 fpdumyl         FAR_BSS                         
_0__u_dtof                            E:0122 fpdumyl         FAR_BSS                         
_0__u_dtog                            E:0122 fpdumyl         FAR_BSS                         
_0__u_flt_info                        E:0122 fpdumyl         FAR_BSS                         
_0__u_flt_rnd                         E:0122 fpdumyl         FAR_BSS                         
_0_acos                               E:0122 fpdumyl         FAR_BSS                         
_0_asin                               E:0122 fpdumyl         FAR_BSS                         
_0_atan                               E:0122 fpdumyl         FAR_BSS                         
_0_atan2                              E:0122 fpdumyl         FAR_BSS                         
_0_ceil                               E:0122 fpdumyl         FAR_BSS                         
_0_cosh                               E:0122 fpdumyl         FAR_BSS                         
_0_exp                                E:0122 fpdumyl         FAR_BSS                         
_0_fabs                               E:0122 fpdumyl         FAR_BSS                         
_0_floor                              E:0122 fpdumyl         FAR_BSS                         
_0_fmod                               E:0122 fpdumyl         FAR_BSS                         
_0_ldexp                              E:0122 fpdumyl         FAR_BSS                         
_0_log                                E:0122 fpdumyl         FAR_BSS                         
_0_log10                              E:0122 fpdumyl         FAR_BSS                         
_0_pow                                E:0122 fpdumyl         FAR_BSS                         
_0_sinh                               E:0122 fpdumyl         FAR_BSS                         
_0_sqrt                               E:0122 fpdumyl         FAR_BSS                         
_0_tan                                E:0122 fpdumyl         FAR_BSS                         
_0_tanh                               E:0122 fpdumyl         FAR_BSS                         
_1__far_frexp                         E:0122 fpdumyl         FAR_BSS                         
_1__far_modf                          E:0122 fpdumyl         FAR_BSS                         
_1__far_strtod                        E:0122 fpdumyl         FAR_BSS                         
_1__near_frexp                        E:0122 fpdumyl         FAR_BSS                         
_1__near_modf                         E:0122 fpdumyl         FAR_BSS                         
_1__near_strtod                       E:0122 fpdumyl         FAR_BSS                         
_1__u_dtoe                            E:0122 fpdumyl         FAR_BSS                         
_1__u_dtof                            E:0122 fpdumyl         FAR_BSS                         
_1__u_dtog                            E:0122 fpdumyl         FAR_BSS                         
_1__u_flt_info                        E:0122 fpdumyl         FAR_BSS                         
_1__u_flt_rnd                         E:0122 fpdumyl         FAR_BSS                         
_1_atan2                              E:0122 fpdumyl         FAR_BSS                         
_1_fmod                               E:0122 fpdumyl         FAR_BSS                         
_1_ldexp                              E:0122 fpdumyl         FAR_BSS                         
_1_pow                                E:0122 fpdumyl         FAR_BSS                         
_1_strtod                             E:0122 fpdumyl         FAR_BSS                         
_2__u_dtoe                            E:0122 fpdumyl         FAR_BSS                         
_2__u_dtof                            E:0122 fpdumyl         FAR_BSS                         
_2__u_dtog                            E:0122 fpdumyl         FAR_BSS                         
_2__u_flt_info                        E:0122 fpdumyl         FAR_BSS                         
___print_buff                         E:0126 PRINT_GLOBALS   FAR_BSS                         
___print_fmt                          E:0132 PRINT_GLOBALS   FAR_BSS                         
___print_leading_char                 E:013E PRINT_GLOBALS   FAR_BSS                         
___print_len                          E:013D PRINT_GLOBALS   FAR_BSS                         
___print_out                          E:013F PRINT_GLOBALS   FAR_BSS                         
___print_putch                        C:5F9D PRINT_PUTCH     t_putch_TEXT                    
___print_putromstring                 C:61A4 PRINT_PUTROMSTR mstring_TEXT                    
___print_send                         C:5917 PRINT_SEND      nt_send_TEXT                    
___print_sendstring                   C:5FE2 PRINT_PUTSTRING tstring_TEXT                    
___print_sputch                       C:5FB3 PRINT_SPUTCH    _sputch_TEXT                    
___print_uputch                       C:5F84 PRINT_UPUTCH    _uputch_TEXT                    
___print_xputch                       E:0927 PRINT_GLOBALS   FAR_DATA                        
__close_periphdevice                  C:0039 zsldevinit      CODE                            
__far_atof                            C:003A fpdumyl         CODE                            
__far_frexp                           C:003A fpdumyl         CODE                            
__far_modf                            C:003A fpdumyl         CODE                            
__far_strlen                          C:5F1B STRLEN          strlen_TEXT                     
__far_strtod                          C:003A fpdumyl         CODE                            
__fpadd                               C:003A fpdumyl         CODE                            
__fpcmp                               C:003A fpdumyl         CODE                            
__fpdiv                               C:003A fpdumyl         CODE                            
__fpftol                              C:003A fpdumyl         CODE                            
__fpltof                              C:003A fpdumyl         CODE                            
__fpmul                               C:003A fpdumyl         CODE                            
__fpneg                               C:003A fpdumyl         CODE                            
__fppack                              C:003A fpdumyl         CODE                            
__fpsub                               C:003A fpdumyl         CODE                            
__fpultof                             C:003A fpdumyl         CODE                            
__fpupop1                             C:003A fpdumyl         CODE                            
__fpupop2                             C:003A fpdumyl         CODE                            
__framereset                          C:0066 frame           CODE                            
__frameset                            C:0047 frame           CODE                            
__frameset0                           C:0045 frame           CODE                            
__frameset00                          C:0043 frame           CODE                            
__iframereset                         C:007D frame           CODE                            
__iframeset00                         C:003B frame           CODE                            
__intrp                               E:0141 startupl        FAR_DATA                        
__near_atof                           C:003A fpdumyl         CODE                            
__near_frexp                          C:003A fpdumyl         CODE                            
__near_modf                           C:003A fpdumyl         CODE                            
__near_strtod                         C:003A fpdumyl         CODE                            
__open_periphdevice                   C:0038 zsldevinit      CODE                            
__sbmul                               C:02C7 ubmul           CODE                            
__sldiv                               C:01FD sldiv           CODE                            
__slmul                               C:00DD ulmul           CODE                            
__swdiv                               C:00A2 swdiv           CODE                            
__swmul                               C:0175 uwmul           CODE                            
__u_dtoe                              C:003A fpdumyl         CODE                            
__u_dtof                              C:003A fpdumyl         CODE                            
__u_dtog                              C:003A fpdumyl         CODE                            
__u_flt_info                          C:003A fpdumyl         CODE                            
__u_flt_rnd                           C:003A fpdumyl         CODE                            
__u_ltoa                              C:5B02 ULTOA           ultoa_TEXT                      
__u_reverse                           C:622F UREVERSE        reverse_TEXT                    
__u_stoa                              C:5F5D USTOA           ustoa_TEXT                      
__ubmul                               C:02C7 ubmul           CODE                            
__ucase                               C:0289 ucase           CODE                            
__uldiv                               C:01A8 uldiv           CODE                            
__ulmul                               C:00DD ulmul           CODE                            
__user_frequency                    01312D00 (User Defined)
__uwdiv                               C:0258 uwdiv           CODE                            
__uwmul                               C:0175 uwmul           CODE                            
_abs                                  C:61F1 ABS             abs_TEXT                        
_acos                                 C:003A fpdumyl         CODE                            
_asin                                 C:003A fpdumyl         CODE                            
_atan                                 C:003A fpdumyl         CODE                            
_atan2                                C:003A fpdumyl         CODE                            
_bgcolor                              C:0590 ANSI            ansi_TEXT                       
_blink                                C:080C ANSI            ansi_TEXT                       
_bounceHorizontal                     C:4C2E BOUNCE          bounce_TEXT                     
_bounceStriker                        C:4594 STRIKER         striker_TEXT                    
_bounceVertical                       C:4C43 BOUNCE          bounce_TEXT                     
_brickdraw                            C:2392 BRICK           brick_TEXT                      
_c_startup                            C:0425 startupl        startup                         
_ceil                                 C:003A fpdumyl         CODE                            
_character_data                       E:0745 CHARSET         FAR_DATA                        
_clearBall                            C:1371 BALL            ball_TEXT                       
_clearBoss                            C:1B4D BOSS            boss_TEXT                       
_clearBrick                           C:2469 BRICK           brick_TEXT                      
_clearStriker                         C:430C STRIKER         striker_TEXT                    
_clockDisplay                         C:560D DISPLAY         display_TEXT                    
_close_periphdevice                   C:0039 zsldevinit      CODE                            
_clreol                               C:06F3 ANSI            ansi_TEXT                       
_clrscr                               C:06C2 ANSI            ansi_TEXT                       
_color                                C:05DB ANSI            ansi_TEXT                       
_columnScrollOffset                   E:0925 DISPLAY         FAR_DATA                        
_cos                                  C:4D9E TRIGONOMETRY    nometry_TEXT                    
_cosh                                 C:003A fpdumyl         CODE                            
_delay                                C:118B CLOCKIO         clockio_TEXT                    
_delaySound                           C:4EC9 SOUND           sound_TEXT                      
_drawBoss                             C:1AF7 BOSS            boss_TEXT                       
_drawBrick                            C:244B BRICK           brick_TEXT                      
_drawBricks                           C:2B25 BRICK           brick_TEXT                      
_drawStriker                          C:4346 STRIKER         striker_TEXT                    
_enablecursor                         C:0FF4 ANSI            ansi_TEXT                       
_endScreen                            C:3A03 GAME            game_TEXT                       
_errno                                E:0100 startupl        FAR_BSS                         
_exit                                 C:0494 startupl        startup                         
_exp                                  C:003A fpdumyl         CODE                            
_expand                               C:4C85 TRIGONOMETRY    nometry_TEXT                    
_fabs                                 C:003A fpdumyl         CODE                            
_far_heapbot                        00000995 (User Defined)
_far_heaptop                        00000EFF (User Defined)
_far_stack                          00000EFF (User Defined)
_fgcolor                              C:04FA ANSI            ansi_TEXT                       
_floor                                C:003A fpdumyl         CODE                            
_fmod                                 C:003A fpdumyl         CODE                            
_g_clock0                             E:0143 zsldevinit      FAR_DATA                        
_g_clock1                             E:0143 zsldevinit      FAR_DATA                        
_g_simulate                           E:0142 zsldevinit      FAR_DATA                        
_g_Txflag0                            E:0929 WRITEUART0      FAR_DATA                        
_gameLost                             C:3C17 GAME            game_TEXT                       
_gameWon                              C:3C41 GAME            game_TEXT                       
_get_freq                             C:5AEF get_freq        getfreq_TEXT                    
_getAngle                             C:307C GAME            game_TEXT                       
_getBrickColor                        C:212E BRICK           brick_TEXT                      
_getCharColumnCharArray               C:5229 CHARSET         charset_TEXT                    
_getDifficulty                        C:2C6F GAME            game_TEXT                       
_getMiliseconds                       C:1212 CLOCKIO         clockio_TEXT                    
_gotoxy                               C:0724 ANSI            ansi_TEXT                       
_halfmiliseconds                      E:0148 CLOCKIO         FAR_DATA                        
_handleBrickCollisions                C:2540 BRICK           brick_TEXT                      
_handleBrickCornerCollision           C:2487 BRICK           brick_TEXT                      
_impact                               C:1961 BALL            ball_TEXT                       
_init_uart                            C:5863 SIO             sio_TEXT                        
_initBall                             C:13FA BALL            ball_TEXT                       
_initBoss                             C:1B93 BOSS            boss_TEXT                       
_initButtons                          C:1089 BUTTONIO        uttonio_TEXT                    
_initClock                            C:11E9 CLOCKIO         clockio_TEXT                    
_initDisplay                          C:55B9 DISPLAY         display_TEXT                    
_initGame                             C:2B72 GAME            game_TEXT                       
_initJoystick                         C:4B49 JOYSTICK        oystick_TEXT                    
_initLevel                            C:405F LEVEL           level_TEXT                      
_initSoundClock                       C:5200 SOUND           sound_TEXT                      
_initSoundPin                         C:4F04 SOUND           sound_TEXT                      
_initStriker                          C:4530 STRIKER         striker_TEXT                    
_initTimer                            C:4A96 TIMER           timer_TEXT                      
_initVector                           C:0EBE ANSI            ansi_TEXT                       
_isBallDead                           C:1830 BALL            ball_TEXT                       
_isBossDead                           C:1FBF BOSS            boss_TEXT                       
_isButton1Pressed                     C:4BC0 JOYSTICK        oystick_TEXT                    
_isButton2Pressed                     C:4BF7 JOYSTICK        oystick_TEXT                    
_isd3Pressed                          C:1154 BUTTONIO        uttonio_TEXT                    
_isf6Pressed                          C:111D BUTTONIO        uttonio_TEXT                    
_isf7Pressed                          C:10E6 BUTTONIO        uttonio_TEXT                    
_isJoystickLeft                       C:4BA4 JOYSTICK        oystick_TEXT                    
_isJoystickRight                      C:4B88 JOYSTICK        oystick_TEXT                    
_joystickXAxis                        C:4B60 JOYSTICK        oystick_TEXT                    
_ldexp                                C:003A fpdumyl         CODE                            
_LEDinit                              C:5445 DISPLAY         display_TEXT                    
_LEDsetString                         C:545F DISPLAY         display_TEXT                    
_LEDupdate                            C:572F DISPLAY         display_TEXT                    
_LEDUpdateCount                       E:0924 DISPLAY         FAR_DATA                        
_LEDupdateFlag                        E:0147 CLOCKIO         FAR_DATA                        
_LEDWriteCharColumnsToDisplay         C:56C6 DISPLAY         display_TEXT                    
_len_farbss                         00000041 (User Defined)
_len_fardata                        00000855 (User Defined)
_len_nearbss                        00000000 (User Defined)
_len_neardata                       00000000 (User Defined)
_level1                               C:3DC7 LEVEL           level_TEXT                      
_level2                               C:3E8E LEVEL           level_TEXT                      
_level3                               C:3F55 LEVEL           level_TEXT                      
_loadCharIntoVideoBuffer              C:5546 DISPLAY         display_TEXT                    
_log                                  C:003A fpdumyl         CODE                            
_log10                                C:003A fpdumyl         CODE                            
_low_far_romdata                    0000641B (User Defined)
_low_farbss                         00000100 (User Defined)
_low_fardata                        00000141 (User Defined)
_low_near_romdata                   00000000 (User Defined)
_low_nearbss                        00000000 (User Defined)
_low_neardata                       00000000 (User Defined)
_main                                 C:0496 MAIN            main_TEXT                       
_moveBall                             C:152B BALL            ball_TEXT                       
_moveBricks                           C:1C67 BOSS            boss_TEXT                       
_movecursor                           C:091E ANSI            ansi_TEXT                       
_moveStriker                          C:4495 STRIKER         striker_TEXT                    
_moveStrikerLeft                      C:4383 STRIKER         striker_TEXT                    
_moveStrikerPreShot                   C:481E STRIKER         striker_TEXT                    
_moveStrikerRight                     C:440C STRIKER         striker_TEXT                    
_near_heapbot                       000000EF (User Defined)
_near_heaptop                       000000FF (User Defined)
_near_stack                         000000FF (User Defined)
_open_periphdevice                    C:0038 zsldevinit      CODE                            
_playBossDeathSound                   C:50D5 SOUND           sound_TEXT                      
_playBounceSound                      C:4FC5 SOUND           sound_TEXT                      
_playDeathBallSound                   C:501F SOUND           sound_TEXT                      
_playDeathBrickSound                  C:5041 SOUND           sound_TEXT                      
_playGameOverSound                    C:509C SOUND           sound_TEXT                      
_playGameWinSound                     C:5175 SOUND           sound_TEXT                      
_playIndestructibleBrickSound         C:500F SOUND           sound_TEXT                      
_playStartGameSound                   C:5063 SOUND           sound_TEXT                      
_playWallSound                        C:4FFF SOUND           sound_TEXT                      
_pow                                  C:003A fpdumyl         CODE                            
_printFix                             C:4CA8 TRIGONOMETRY    nometry_TEXT                    
_putch                                C:6304 PUTCH           putch_TEXT                      
_readkeys                             C:10B0 BUTTONIO        uttonio_TEXT                    
_resetbgcolor                         C:0691 ANSI            ansi_TEXT                       
_resetGame                            C:2C2B GAME            game_TEXT                       
_reverse                              C:0895 ANSI            ansi_TEXT                       
_ROMtoRAM                             C:53EC READONLYMEMORY  ymemory_TEXT                    
_rotate                               C:0EE9 ANSI            ansi_TEXT                       
_runGame                              C:3C6B GAME            game_TEXT                       
_scrollText                           C:576C DISPLAY         display_TEXT                    
_sdraw                                C:40BC STRIKER         striker_TEXT                    
_select_port                          C:5835 SIO             sio_TEXT                        
_setBallColor                         C:13D6 BALL            ball_TEXT                       
_setBrickColor                        C:2369 BRICK           brick_TEXT                      
_setStrikerColor                      C:42F6 STRIKER         striker_TEXT                    
_shoot                                C:1E53 BOSS            boss_TEXT                       
_shouldShoot                          C:1F28 BOSS            boss_TEXT                       
_sin                                  C:4DBC TRIGONOMETRY    nometry_TEXT                    
_SIN                                  E:0344 TRIGONOMETRY    FAR_DATA                        
_sinh                                 C:003A fpdumyl         CODE                            
_SoundUpdateFlag                      E:0744 SOUND           FAR_DATA                        
_sqrt                                 C:003A fpdumyl         CODE                            
_startLevel                           C:318D GAME            game_TEXT                       
_tan                                  C:003A fpdumyl         CODE                            
_tanh                                 C:003A fpdumyl         CODE                            
_timer0int                            C:11CB CLOCKIO         clockio_TEXT                    
_timer1int                            C:4EF6 SOUND           sound_TEXT                      
_tone                                 C:4F13 SOUND           sound_TEXT                      
_underline                            C:0783 ANSI            ansi_TEXT                       
_updateBallDrawnPosition              C:122E BALL            ball_TEXT                       
_updateBalls                          C:1678 BALL            ball_TEXT                       
_updateBoss                           C:2047 BOSS            boss_TEXT                       
_updateBrickPositionLeft              C:2163 BRICK           brick_TEXT                      
_updateBrickPositionRight             C:2266 BRICK           brick_TEXT                      
_updateGame                           C:347A GAME            game_TEXT                       
_updateGameInfo                       C:30CF GAME            game_TEXT                       
_updateStrikerDrawnPositionLeft       C:4213 STRIKER         striker_TEXT                    
_updateStrikerDrawnPositionRight      C:4130 STRIKER         striker_TEXT                    
_videoBuffer                          E:0102 DISPLAY         FAR_BSS                         
_waitForEvent                         C:4AD5 TIMER           timer_TEXT                      
_waitOnce                             C:11B8 CLOCKIO         clockio_TEXT                    
_waitOnceSound                        C:4EB6 SOUND           sound_TEXT                      
_wholeString                          E:0120 DISPLAY         FAR_BSS                         
_wholeStringIndex                     E:0920 DISPLAY         FAR_DATA                        
_wholeStringLength                    E:0922 DISPLAY         FAR_DATA                        
_window                               C:0A98 ANSI            ansi_TEXT                       
_write_UART0                          C:6361 WRITEUART0      teuart0_TEXT                    
_writeLED                             C:5671 DISPLAY         display_TEXT                    
_writeScreen                          C:0A51 ANSI            ansi_TEXT                       
_writeTitle                           C:5264 CHARSET         charset_TEXT                    
_zsl_g_clock_xdefine                00546000 (User Defined)

295 external symbol(s).


START ADDRESS:
==============
(C:0425) set in module ..\..\src\boot\common\startupl.asm.

CALL GRAPH
==========
Depth Address    CF Function                       Calls Function
----- ---------- -- ------------------------------ --------------------------------
    1 R:20        0 _get_freq                      ->
    2 E:0100      0 _f__far_modf                   ->
    3 R:20        0 _n__floor                      ->
    4 R:20        0 _n___u_flt_rnd                 ->
    5 R:20        0 _n__far_modf                   ->
    6 R:20        0 _n__sqrt                       ->
    7 R:20        0 _n__near_modf                  ->
    8 E:0100      0 _f__atan                       ->
    9 E:0100      0 _f__pow                        ->
   10 R:20        0 _n__near_strtod                ->
   11 E:0100      0 _f__atan2                      ->
   12 R:20        0 _n__far_strtod                 ->
   13 E:0100      0 _f__far_strtod                 ->
   14 R:20        0 _n__atan                       ->
   15 E:0100      0 _f__log10                      ->
   16 E:0100      0 _f__log                        ->
   17 E:0100      0 _f__floor                      ->
   18 R:20        0 _n__exp                        ->
   19 E:0100      0 _f__fmod                       ->
   20 E:0100      0 _f__near_modf                  ->
   21 R:20        0 _n__tan                        ->
   22 E:0100      0 _f___u_flt_info                ->
   23 R:20        0 _n__atan2                      ->
   24 R:20        0 _n__near_atof                  ->
   25 E:0100      0 _f__far_atof                   ->
   26 R:20        0 _n__far_atof                   ->
   27 E:0100      0 _f__acos                       ->
   28 E:0100      0 _f__cosh                       ->
   29 R:20        0 _n___u_dtog                    ->
   30 R:20        0 _n___u_dtof                    ->
   31 R:20        0 _n___u_dtoe                    ->
   32 R:20        0 _n__cosh                       ->
   33 R:20        0 _n__sinh                       ->
   34 R:20        0 _n__acos                       ->
   35 E:0100      0 _f__far_frexp                  ->
   36 E:0100      0 _f__tan                        ->
   37 R:20        0 _n__ldexp                      ->
   38 E:0100      0 _f__tanh                       ->
   39 R:20        0 _n___u_flt_info                ->
   40 E:0100      0 _f__sinh                       ->
   41 E:0100      0 _f__near_frexp                 ->
   42 E:0100      0 _f__near_atof                  ->
   43 E:0100      0 _f___u__dtog                   ->
   44 E:0100      0 _f___u__dtof                   ->
   45 E:0100      0 _f___u__dtoe                   ->
   46 R:20        0 _n__tanh                       ->
   47 R:20        0 _n__near_frexp                 ->
   48 R:20        0 _n__far_frexp                  ->
   49 E:0100      0 _f__ldexp                      ->
   50 E:0100      0 _f__asin                       ->
   51 R:20        0 _n__fabs                       ->
   52 E:0100      0 _f__ceil                       ->
   53 R:20        0 _n__pow                        ->
   54 E:0100      0 _f__near_strtod                ->
   55 E:0100      0 _f__fabs                       ->
   56 R:20        0 _n__ceil                       ->
   57 R:20        0 _n__fmod                       ->
   58 R:20        0 _n__log10                      ->
   59 R:20        0 _n__asin                       ->
   60 E:0100      0 _f__sqrt                       ->
   61 E:0100      0 _f___u_flt_rnd                 ->
   62 R:20        0 _n__log                        ->
   63 E:0100      0 _f__exp                        ->


END OF LINK MAP:
================
0 Errors
0 Warnings
