
IEEE 695 OMF Linker Version 6.03 (05021601)
Copyright (C) 1999-2004 ZiLOG, Inc. All Rights Reserved

LINK MAP:

DATE:      Tue Jun 14 09:39:05 2016
PROCESSOR: assembler
FILES:     c:\PROGRA~2\ZiLOG\ZDSII_~1.3\lib\zilog\startupL.obj
           .\zsldevinit.obj
           .\main.obj             .\ansi.obj             .\SineLUT.obj          
           .\screenio.obj         .\buttonio.obj         .\clockio.obj          
           .\ball.obj             .\boss.obj             .\brick.obj            
           .\game.obj             .\level.obj            .\powerup.obj          
           .\striker.obj          .\timer.obj            
           c:\PROGRA~2\ZiLOG\ZDSII_~1.3\lib\std\crtrevaaLDD.lib
           c:\PROGRA~2\ZiLOG\ZDSII_~1.3\lib\std\fpdumyL.obj
           c:\PROGRA~2\ZiLOG\ZDSII_~1.3\lib\zilog\zslLYD.lib
           


COMMAND LIST:
=============
/* Linker Command File - HelloWorld Debug */

/* compiler options */
/* -alias -asm -bitfieldsize:32 -charsize:8 -const:RAM -debug */
/* -define:_Z8F6403 -define:_Z8ENCORE_640_FAMILY */
/* -define:_Z8ENCORE_F640X -define:_MODEL_LARGE -doublesize:32 */
/* -NOexpmac -floatsize:32 -NOfplib -genprintf -NOglobalcopy */
/* -NOglobalcse -NOglobalfold -intrinsic -intsize:16 -intsrc */
/* -NOjmpopt -NOkeepasm -NOkeeplst -NOlist -NOlistinc -localcopy */
/* -localcse -localfold -longsize:32 -NOloopopt -maxerrs:50 -model:L */
/* -NOoptlink -optsize -peephole -NOpromote -quiet -regvar -revaa */
/* -NOsdiopt -shortsize:16 */
/* -stdinc:"c:\PROGRA~2\ZiLOG\ZDSII_~1.3\include\std;c:\PROGRA~2\ZiLOG\ZDSII_~1.3\include\zilog;c:\PROGRA~2\ZiLOG\ZDSII_~1.3\include\zilog\Z8Encore_F640X" */
/* -strict */
/* -usrinc:"M:\Documents\GitHub\Programming-project-exercies\Z8encore\include;C:\Users\Andreas\Documents\GitHub\Programming-project-exercies\Z8encore\include;C:\Users\s153498\Desktop\Microprocessorprogrammer\HelloWorld\Programming-project-exercies\Z8encore\include" */
/* -NOwatch -cpu:Z8F6403 */
/* -asmsw:" -cpu:Z8F6403 -define:_Z8F6403=1 -define:_Z8ENCORE_640_FAMILY=1 -define:_Z8ENCORE_F640X=1 -define:_MODEL_LARGE=1 -include:c:\PROGRA~2\ZiLOG\ZDSII_~1.3\include\std;c:\PROGRA~2\ZiLOG\ZDSII_~1.3\include\zilog;c:\PROGRA~2\ZiLOG\ZDSII_~1.3\include\zilog\Z8Encore_F640X -revaa" */

/* assembler options */
/* -debug -define:_Z8F6403=1 -define:_Z8ENCORE_640_FAMILY=1 */
/* -define:_Z8ENCORE_F640X=1 -define:_MODEL_LARGE=1 -genobj */
/* -NOigcase */
/* -include:"c:\PROGRA~2\ZiLOG\ZDSII_~1.3\include\std;c:\PROGRA~2\ZiLOG\ZDSII_~1.3\include\zilog;c:\PROGRA~2\ZiLOG\ZDSII_~1.3\include\zilog\Z8Encore_F640X" */
/* -list -NOlistmac -name -pagelen:56 -pagewidth:80 -quiet -sdiopt */
/* -warn -NOzmasm -revaa -cpu:Z8F6403 */

-FORMAT=OMF695
-NOigcase -map -quiet -warn -NOwarnoverlap -NOxref

RANGE ROM $0 : $FFFF
RANGE RDATA $20 : $FF
RANGE EDATA $100 : $EFF

CHANGE TEXT=EDATA
CHANGE TEXT=FAR_DATA
change NEAR_TXT=NEAR_DATA
change FAR_TXT=FAR_DATA
ORDER FAR_BSS, FAR_DATA
ORDER NEAR_BSS,NEAR_DATA
COPY NEAR_DATA ROM
COPY FAR_DATA ROM

define _low_near_romdata = copy base of NEAR_DATA
define _low_neardata = base of NEAR_DATA
define _len_neardata = length of NEAR_DATA
define _low_far_romdata = copy base of FAR_DATA
define _low_fardata = base of FAR_DATA
define _len_fardata = length of FAR_DATA
define _low_nearbss = base of NEAR_BSS
define _len_nearbss = length of NEAR_BSS
define _low_farbss = base of FAR_BSS
define _len_farbss = length of FAR_BSS
define _far_heaptop = highaddr of EDATA
define _far_stack = highaddr of EDATA
define _near_stack = highaddr of RDATA
define _far_heapbot = top of EDATA
define _near_heaptop = highaddr of RDATA
define _near_heapbot = top of RDATA

define _zsl_g_clock_xdefine = 18432000

/* Set frequency to 18432000 Hz */
define __user_frequency = 18432000

"C:\Users\s153498\Desktop\Microprocessorprogrammer\HelloWorld\Programming-project-exercies\HelloWorld"=  c:\PROGRA~2\ZiLOG\ZDSII_~1.3\lib\zilog\startupL.obj,  .\zsldevinit.obj,  .\main.obj,  .\ansi.obj,  .\SineLUT.obj,  .\screenio.obj,  .\buttonio.obj,  .\clockio.obj,  .\ball.obj,  .\boss.obj,  .\brick.obj,  .\game.obj,  .\level.obj,  .\powerup.obj,  .\striker.obj,  .\timer.obj,  c:\PROGRA~2\ZiLOG\ZDSII_~1.3\lib\std\crtrevaaLDD.lib,  c:\PROGRA~2\ZiLOG\ZDSII_~1.3\lib\std\fpdumyL.obj,  c:\PROGRA~2\ZiLOG\ZDSII_~1.3\lib\zilog\zslLYD.lib


SEGMENT OVERLAYS:
=================

Name                                     Base        Top       Length
------------------------------------ ----------- ----------- ----------
Section: __VECTORS                        C:0000      C:000E         fh

SPACE ALLOCATION:
=================

Space              Base        Top         Size
------------------ ----------- ----------- ---------
EDATA                   E:0100      E:0835      736h
RDATA                     R:E0        R:EF       10h
ROM                     C:0000      C:4D31     4d32h


SEGMENTS WITHIN SPACE:
======================

EDATA              Type                Base        Top         Size
------------------ ------------------- ----------- ----------- ---------
FAR_BSS            normal data              E:0100      E:0140       41h
FAR_DATA           normal data              E:0141      E:0835      6f5h


RDATA              Type                Base        Top         Size
------------------ ------------------- ----------- ----------- ---------
workingreg         absolute data              R:E0        R:EF       10h


ROM                Type                Base        Top         Size
------------------ ------------------- ----------- ----------- ---------
__VECTORS          absolute data            C:0000      C:0037       38h
_sputch_TEXT       normal data              C:4397      C:43C5       2fh
_uputch_TEXT       normal data              C:4368      C:4380       19h
abs_TEXT           normal data              C:4413      C:4450       3eh
ansi_TEXT          normal data              C:0D15      C:1833      b1fh
ball_TEXT          normal data              C:2093      C:2676      5e4h
brick_TEXT         normal data              C:2677      C:2AA0      42ah
clockio_TEXT       normal data              C:1FD4      C:2092       bfh
CODE               normal data              C:0038      C:026B      234h
creenio_TEXT       normal data              C:1A65      C:1E89      425h
FAR_DATA           * segment copy *         C:463D      C:4D31      6f5h
game_TEXT          normal data              C:2AA1      C:2E44      3a4h
getfreq_TEXT       normal data              C:3ECF      C:3EE5       17h
level_TEXT         normal data              C:2E45      C:3090      24ch
main_TEXT          normal data              C:03FE      C:0D14      917h
mstring_TEXT       normal data              C:43C6      C:4412       4dh
nt_send_TEXT       normal data              C:3CFB      C:3ECE      1d4h
powerup_TEXT       normal data              C:3091      C:3097        7h
putch_TEXT         normal data              C:4526      C:4582       5dh
reverse_TEXT       normal data              C:4451      C:4525       d5h
ROM_TEXT           normal data              C:026C      C:038C      121h
sinelut_TEXT       normal data              C:1834      C:1A64      231h
sio_TEXT           normal data              C:3C19      C:3CFA       e2h
startup            normal data              C:038D      C:03FD       71h
striker_TEXT       normal data              C:3098      C:39CB      934h
strlen_TEXT        normal data              C:42FF      C:4340       42h
t_putch_TEXT       normal data              C:4381      C:4396       16h
teuart0_TEXT       normal data              C:4583      C:463C       bah
timer_TEXT         normal data              C:39CC      C:3C18      24dh
ultoa_TEXT         normal data              C:3EE6      C:42FE      419h
ustoa_TEXT         normal data              C:4341      C:4367       27h
uttonio_TEXT       normal data              C:1E8A      C:1FD3      14ah

SEGMENTS WITHIN MODULES:
========================

Module: ..\..\src\boot\common\startupl.asm (File: startupL.obj) Version: 1:0 02/23/2005 13:22:37

    Name                                        Base        Top      Size
    --------------------------------------- ----------- ----------- ---------
    Segment: __VECTORS                           C:0000      C:0037       38h
    Segment: FAR_BSS                             E:0100      E:0101        2h
    Segment: FAR_DATA                            E:0141      E:0141        1h
    Segment: startup                             C:038D      C:03FD       71h
    Segment: workingreg                            R:E0        R:EF       10h


Module: ..\UART\COMMON\PUTCH.C (Library: zslLYD.lib) Version: 1:0 02/23/2005 13:32:42

    Name                                        Base        Top      Size
    --------------------------------------- ----------- ----------- ---------
    Segment: putch_TEXT                          C:4526      C:4582       5dh


Module: ..\UART\COMMON\WRITEUART0.C (Library: zslLYD.lib) Version: 1:0 02/23/2005 13:32:38

    Name                                        Base        Top      Size
    --------------------------------------- ----------- ----------- ---------
    Segment: FAR_DATA                            E:082A      E:082A        1h
    Segment: teuart0_TEXT                        C:4583      C:463C       bah


Module: COMMON\ABS.C (Library: crtrevaaLDD.lib) Version: 1:0 02/23/2005 13:27:08

    Name                                        Base        Top      Size
    --------------------------------------- ----------- ----------- ---------
    Segment: abs_TEXT                            C:4413      C:4450       3eh


Module: common\fpdumyl.asm (File: fpdumyL.obj) Version: 1:0 02/23/2005 13:22:38

    Name                                        Base        Top      Size
    --------------------------------------- ----------- ----------- ---------
    Segment: CODE                                C:003A      C:003A        1h
    Segment: FAR_BSS                             E:0122      E:0125        4h


Module: common\frame.asm (Library: crtrevaaLDD.lib) Version: 1:0 02/23/2005 13:27:20

    Name                                        Base        Top      Size
    --------------------------------------- ----------- ----------- ---------
    Segment: CODE                                C:003B      C:00A1       67h


Module: COMMON\PRINT_GLOBALS.C (Library: crtrevaaLDD.lib) Version: 1:0 02/23/2005 13:27:11

    Name                                        Base        Top      Size
    --------------------------------------- ----------- ----------- ---------
    Segment: FAR_BSS                             E:0126      E:0140       1bh
    Segment: FAR_DATA                            E:0828      E:0829        2h


Module: COMMON\PRINT_PUTCH.C (Library: crtrevaaLDD.lib) Version: 1:0 02/23/2005 13:27:11

    Name                                        Base        Top      Size
    --------------------------------------- ----------- ----------- ---------
    Segment: t_putch_TEXT                        C:4381      C:4396       16h


Module: COMMON\PRINT_PUTROMSTRING.C (Library: crtrevaaLDD.lib) Version: 1:0 02/23/2005 13:27:12

    Name                                        Base        Top      Size
    --------------------------------------- ----------- ----------- ---------
    Segment: mstring_TEXT                        C:43C6      C:4412       4dh


Module: COMMON\PRINT_SEND.C (Library: crtrevaaLDD.lib) Version: 1:0 02/23/2005 13:27:12

    Name                                        Base        Top      Size
    --------------------------------------- ----------- ----------- ---------
    Segment: nt_send_TEXT                        C:3CFB      C:3ECE      1d4h


Module: COMMON\PRINT_SPUTCH.C (Library: crtrevaaLDD.lib) Version: 1:0 02/23/2005 13:27:11

    Name                                        Base        Top      Size
    --------------------------------------- ----------- ----------- ---------
    Segment: _sputch_TEXT                        C:4397      C:43C5       2fh


Module: COMMON\PRINT_UPUTCH.C (Library: crtrevaaLDD.lib) Version: 1:0 02/23/2005 13:27:11

    Name                                        Base        Top      Size
    --------------------------------------- ----------- ----------- ---------
    Segment: _uputch_TEXT                        C:4368      C:4380       19h


Module: COMMON\SIO.C (Library: crtrevaaLDD.lib) Version: 1:0 02/23/2005 13:27:13

    Name                                        Base        Top      Size
    --------------------------------------- ----------- ----------- ---------
    Segment: FAR_DATA                            E:0827      E:0827        1h
    Segment: sio_TEXT                            C:3C19      C:3CFA       e2h


Module: COMMON\STRLEN.C (Library: crtrevaaLDD.lib) Version: 1:0 02/23/2005 13:27:14

    Name                                        Base        Top      Size
    --------------------------------------- ----------- ----------- ---------
    Segment: strlen_TEXT                         C:42FF      C:4340       42h


Module: common\swdiv.asm (Library: crtrevaaLDD.lib) Version: 1:0 02/23/2005 13:27:19

    Name                                        Base        Top      Size
    --------------------------------------- ----------- ----------- ---------
    Segment: CODE                                C:00A2      C:00DC       3bh


Module: common\ucase.asm (Library: crtrevaaLDD.lib) Version: 1:0 02/23/2005 13:27:19

    Name                                        Base        Top      Size
    --------------------------------------- ----------- ----------- ---------
    Segment: CODE                                C:022E      C:026B       3eh


Module: common\uldiv.asm (Library: crtrevaaLDD.lib) Version: 1:0 02/23/2005 13:27:19

    Name                                        Base        Top      Size
    --------------------------------------- ----------- ----------- ---------
    Segment: CODE                                C:01A8      C:01FC       55h


Module: common\ulmul.asm (Library: crtrevaaLDD.lib) Version: 1:0 02/23/2005 13:27:19

    Name                                        Base        Top      Size
    --------------------------------------- ----------- ----------- ---------
    Segment: CODE                                C:00DD      C:0174       98h


Module: COMMON\ULTOA.C (Library: crtrevaaLDD.lib) Version: 1:0 02/23/2005 13:27:16

    Name                                        Base        Top      Size
    --------------------------------------- ----------- ----------- ---------
    Segment: ultoa_TEXT                          C:3EE6      C:42FE      419h


Module: COMMON\UREVERSE.C (Library: crtrevaaLDD.lib) Version: 1:0 02/23/2005 13:27:17

    Name                                        Base        Top      Size
    --------------------------------------- ----------- ----------- ---------
    Segment: reverse_TEXT                        C:4451      C:4525       d5h


Module: COMMON\USTOA.C (Library: crtrevaaLDD.lib) Version: 1:0 02/23/2005 13:27:18

    Name                                        Base        Top      Size
    --------------------------------------- ----------- ----------- ---------
    Segment: ustoa_TEXT                          C:4341      C:4367       27h


Module: common\uwdiv.asm (Library: crtrevaaLDD.lib) Version: 1:0 02/23/2005 13:27:19

    Name                                        Base        Top      Size
    --------------------------------------- ----------- ----------- ---------
    Segment: CODE                                C:01FD      C:022D       31h


Module: common\uwmul.asm (Library: crtrevaaLDD.lib) Version: 1:0 02/23/2005 13:27:19

    Name                                        Base        Top      Size
    --------------------------------------- ----------- ----------- ---------
    Segment: CODE                                C:0175      C:01A7       33h


Module: get_freq.asm (Library: crtrevaaLDD.lib) Version: 1:0 02/23/2005 13:27:19

    Name                                        Base        Top      Size
    --------------------------------------- ----------- ----------- ---------
    Segment: getfreq_TEXT                        C:3ECF      C:3EE5       17h


Module: M:\Documents\GitHub\Programming-project-exercies\zsldevinit.asm (File: zsldevinit.obj) Version: 1:0 06/13/2016 13:00:40

    Name                                        Base        Top      Size
    --------------------------------------- ----------- ----------- ---------
    Segment: CODE                                C:0038      C:0039        2h
    Segment: FAR_DATA                            E:0142      E:0146        5h


Module: Z8ENCORE\ANSIPROJECT\MAIN.C (File: main.obj) Version: 1:0 06/14/2016 09:24:15

    Name                                        Base        Top      Size
    --------------------------------------- ----------- ----------- ---------
    Segment: FAR_DATA                            E:0147      E:0237       f1h
    Segment: main_TEXT                           C:03FE      C:0D14      917h
    Segment: ROM_TEXT                            C:026C      C:037C      111h


Module: Z8ENCORE\INCLUDE\SRC\ANSI.C (File: ansi.obj) Version: 1:0 06/14/2016 09:25:10

    Name                                        Base        Top      Size
    --------------------------------------- ----------- ----------- ---------
    Segment: ansi_TEXT                           C:0D15      C:1833      b1fh
    Segment: ROM_TEXT                            C:037D      C:038C       10h


Module: Z8ENCORE\INCLUDE\SRC\BALL.C (File: ball.obj) Version: 1:0 06/13/2016 15:42:35

    Name                                        Base        Top      Size
    --------------------------------------- ----------- ----------- ---------
    Segment: ball_TEXT                           C:2093      C:2676      5e4h


Module: Z8ENCORE\INCLUDE\SRC\BRICK.C (File: brick.obj) Version: 1:0 06/14/2016 09:23:07

    Name                                        Base        Top      Size
    --------------------------------------- ----------- ----------- ---------
    Segment: brick_TEXT                          C:2677      C:2AA0      42ah


Module: Z8ENCORE\INCLUDE\SRC\BUTTONIO.C (File: buttonio.obj) Version: 1:0 06/13/2016 13:06:06

    Name                                        Base        Top      Size
    --------------------------------------- ----------- ----------- ---------
    Segment: uttonio_TEXT                        C:1E8A      C:1FD3      14ah


Module: Z8ENCORE\INCLUDE\SRC\CLOCKIO.C (File: clockio.obj) Version: 1:0 06/13/2016 13:06:06

    Name                                        Base        Top      Size
    --------------------------------------- ----------- ----------- ---------
    Segment: __VECTORS                           C:0000      C:000D        eh
    Segment: clockio_TEXT                        C:1FD4      C:2092       bfh
    Segment: FAR_DATA                            E:0819      E:081E        6h


Module: Z8ENCORE\INCLUDE\SRC\GAME.C (File: game.obj) Version: 1:0 06/14/2016 09:22:45

    Name                                        Base        Top      Size
    --------------------------------------- ----------- ----------- ---------
    Segment: FAR_DATA                            E:082B      E:0835        bh
    Segment: game_TEXT                           C:2AA1      C:2E44      3a4h


Module: Z8ENCORE\INCLUDE\SRC\LEVEL.C (File: level.obj) Version: 1:0 06/14/2016 09:22:45

    Name                                        Base        Top      Size
    --------------------------------------- ----------- ----------- ---------
    Segment: level_TEXT                          C:2E45      C:3090      24ch


Module: Z8ENCORE\INCLUDE\SRC\POWERUP.C (File: powerup.obj) Version: 1:0 06/13/2016 13:06:09

    Name                                        Base        Top      Size
    --------------------------------------- ----------- ----------- ---------
    Segment: powerup_TEXT                        C:3091      C:3097        7h


Module: Z8ENCORE\INCLUDE\SRC\SCREENIO.C (File: screenio.obj) Version: 1:0 06/13/2016 16:07:23

    Name                                        Base        Top      Size
    --------------------------------------- ----------- ----------- ---------
    Segment: creenio_TEXT                        C:1A65      C:1E89      425h
    Segment: FAR_BSS                             E:0102      E:0121       20h
    Segment: FAR_DATA                            E:0638      E:0818      1e1h


Module: Z8ENCORE\INCLUDE\SRC\SINELUT.C (File: SineLUT.obj) Version: 1:0 06/13/2016 13:06:04

    Name                                        Base        Top      Size
    --------------------------------------- ----------- ----------- ---------
    Segment: FAR_DATA                            E:0238      E:0637      400h
    Segment: sinelut_TEXT                        C:1834      C:1A64      231h


Module: Z8ENCORE\INCLUDE\SRC\STRIKER.C (File: striker.obj) Version: 1:0 06/14/2016 09:38:55

    Name                                        Base        Top      Size
    --------------------------------------- ----------- ----------- ---------
    Segment: striker_TEXT                        C:3098      C:39CB      934h


Module: Z8ENCORE\INCLUDE\SRC\TIMER.C (File: timer.obj) Version: 1:0 06/13/2016 13:06:11

    Name                                        Base        Top      Size
    --------------------------------------- ----------- ----------- ---------
    Segment: FAR_DATA                            E:081F      E:0826        8h
    Segment: timer_TEXT                          C:39CC      C:3C18      24dh

EXTERNAL DEFINITIONS:
=====================

Symbol                             Address   Module          Segment
-------------------------------- ----------- --------------- --------------------------------
_0__far_atof                          E:0122 fpdumyl         FAR_BSS                         
_0__far_frexp                         E:0122 fpdumyl         FAR_BSS                         
_0__far_modf                          E:0122 fpdumyl         FAR_BSS                         
_0__far_strtod                        E:0122 fpdumyl         FAR_BSS                         
_0__near_atof                         E:0122 fpdumyl         FAR_BSS                         
_0__near_frexp                        E:0122 fpdumyl         FAR_BSS                         
_0__near_modf                         E:0122 fpdumyl         FAR_BSS                         
_0__near_strtod                       E:0122 fpdumyl         FAR_BSS                         
_0__u_dtoe                            E:0122 fpdumyl         FAR_BSS                         
_0__u_dtof                            E:0122 fpdumyl         FAR_BSS                         
_0__u_dtog                            E:0122 fpdumyl         FAR_BSS                         
_0__u_flt_info                        E:0122 fpdumyl         FAR_BSS                         
_0__u_flt_rnd                         E:0122 fpdumyl         FAR_BSS                         
_0_acos                               E:0122 fpdumyl         FAR_BSS                         
_0_asin                               E:0122 fpdumyl         FAR_BSS                         
_0_atan                               E:0122 fpdumyl         FAR_BSS                         
_0_atan2                              E:0122 fpdumyl         FAR_BSS                         
_0_ceil                               E:0122 fpdumyl         FAR_BSS                         
_0_cosh                               E:0122 fpdumyl         FAR_BSS                         
_0_exp                                E:0122 fpdumyl         FAR_BSS                         
_0_fabs                               E:0122 fpdumyl         FAR_BSS                         
_0_floor                              E:0122 fpdumyl         FAR_BSS                         
_0_fmod                               E:0122 fpdumyl         FAR_BSS                         
_0_ldexp                              E:0122 fpdumyl         FAR_BSS                         
_0_log                                E:0122 fpdumyl         FAR_BSS                         
_0_log10                              E:0122 fpdumyl         FAR_BSS                         
_0_pow                                E:0122 fpdumyl         FAR_BSS                         
_0_sinh                               E:0122 fpdumyl         FAR_BSS                         
_0_sqrt                               E:0122 fpdumyl         FAR_BSS                         
_0_tan                                E:0122 fpdumyl         FAR_BSS                         
_0_tanh                               E:0122 fpdumyl         FAR_BSS                         
_1__far_frexp                         E:0122 fpdumyl         FAR_BSS                         
_1__far_modf                          E:0122 fpdumyl         FAR_BSS                         
_1__far_strtod                        E:0122 fpdumyl         FAR_BSS                         
_1__near_frexp                        E:0122 fpdumyl         FAR_BSS                         
_1__near_modf                         E:0122 fpdumyl         FAR_BSS                         
_1__near_strtod                       E:0122 fpdumyl         FAR_BSS                         
_1__u_dtoe                            E:0122 fpdumyl         FAR_BSS                         
_1__u_dtof                            E:0122 fpdumyl         FAR_BSS                         
_1__u_dtog                            E:0122 fpdumyl         FAR_BSS                         
_1__u_flt_info                        E:0122 fpdumyl         FAR_BSS                         
_1__u_flt_rnd                         E:0122 fpdumyl         FAR_BSS                         
_1_atan2                              E:0122 fpdumyl         FAR_BSS                         
_1_fmod                               E:0122 fpdumyl         FAR_BSS                         
_1_ldexp                              E:0122 fpdumyl         FAR_BSS                         
_1_pow                                E:0122 fpdumyl         FAR_BSS                         
_1_strtod                             E:0122 fpdumyl         FAR_BSS                         
_2__u_dtoe                            E:0122 fpdumyl         FAR_BSS                         
_2__u_dtof                            E:0122 fpdumyl         FAR_BSS                         
_2__u_dtog                            E:0122 fpdumyl         FAR_BSS                         
_2__u_flt_info                        E:0122 fpdumyl         FAR_BSS                         
___print_buff                         E:0126 PRINT_GLOBALS   FAR_BSS                         
___print_fmt                          E:0132 PRINT_GLOBALS   FAR_BSS                         
___print_leading_char                 E:013E PRINT_GLOBALS   FAR_BSS                         
___print_len                          E:013D PRINT_GLOBALS   FAR_BSS                         
___print_out                          E:013F PRINT_GLOBALS   FAR_BSS                         
___print_putch                        C:4381 PRINT_PUTCH     t_putch_TEXT                    
___print_putromstring                 C:43C6 PRINT_PUTROMSTR mstring_TEXT                    
___print_send                         C:3CFB PRINT_SEND      nt_send_TEXT                    
___print_sputch                       C:4397 PRINT_SPUTCH    _sputch_TEXT                    
___print_uputch                       C:4368 PRINT_UPUTCH    _uputch_TEXT                    
___print_xputch                       E:0828 PRINT_GLOBALS   FAR_DATA                        
__close_periphdevice                  C:0039 zsldevinit      CODE                            
__far_atof                            C:003A fpdumyl         CODE                            
__far_frexp                           C:003A fpdumyl         CODE                            
__far_modf                            C:003A fpdumyl         CODE                            
__far_strlen                          C:42FF STRLEN          strlen_TEXT                     
__far_strtod                          C:003A fpdumyl         CODE                            
__fpadd                               C:003A fpdumyl         CODE                            
__fpcmp                               C:003A fpdumyl         CODE                            
__fpdiv                               C:003A fpdumyl         CODE                            
__fpftol                              C:003A fpdumyl         CODE                            
__fpltof                              C:003A fpdumyl         CODE                            
__fpmul                               C:003A fpdumyl         CODE                            
__fpneg                               C:003A fpdumyl         CODE                            
__fppack                              C:003A fpdumyl         CODE                            
__fpsub                               C:003A fpdumyl         CODE                            
__fpultof                             C:003A fpdumyl         CODE                            
__fpupop1                             C:003A fpdumyl         CODE                            
__fpupop2                             C:003A fpdumyl         CODE                            
__framereset                          C:0066 frame           CODE                            
__frameset                            C:0047 frame           CODE                            
__frameset0                           C:0045 frame           CODE                            
__frameset00                          C:0043 frame           CODE                            
__iframereset                         C:007D frame           CODE                            
__iframeset00                         C:003B frame           CODE                            
__intrp                               E:0141 startupl        FAR_DATA                        
__near_atof                           C:003A fpdumyl         CODE                            
__near_frexp                          C:003A fpdumyl         CODE                            
__near_modf                           C:003A fpdumyl         CODE                            
__near_strtod                         C:003A fpdumyl         CODE                            
__open_periphdevice                   C:0038 zsldevinit      CODE                            
__slmul                               C:00DD ulmul           CODE                            
__swdiv                               C:00A2 swdiv           CODE                            
__swmul                               C:0175 uwmul           CODE                            
__u_dtoe                              C:003A fpdumyl         CODE                            
__u_dtof                              C:003A fpdumyl         CODE                            
__u_dtog                              C:003A fpdumyl         CODE                            
__u_flt_info                          C:003A fpdumyl         CODE                            
__u_flt_rnd                           C:003A fpdumyl         CODE                            
__u_ltoa                              C:3EE6 ULTOA           ultoa_TEXT                      
__u_reverse                           C:4451 UREVERSE        reverse_TEXT                    
__u_stoa                              C:4341 USTOA           ustoa_TEXT                      
__ucase                               C:022E ucase           CODE                            
__uldiv                               C:01A8 uldiv           CODE                            
__ulmul                               C:00DD ulmul           CODE                            
__user_frequency                    01194000 (User Defined)
__uwdiv                               C:01FD uwdiv           CODE                            
__uwmul                               C:0175 uwmul           CODE                            
_abs                                  C:4413 ABS             abs_TEXT                        
_acos                                 C:003A fpdumyl         CODE                            
_applyPowerup                         C:3091 POWERUP         powerup_TEXT                    
_asin                                 C:003A fpdumyl         CODE                            
_atan                                 C:003A fpdumyl         CODE                            
_atan2                                C:003A fpdumyl         CODE                            
_bdraw                                C:2093 BALL            ball_TEXT                       
_bgcolor                              C:0DAB ANSI            ansi_TEXT                       
_blink                                C:1027 ANSI            ansi_TEXT                       
_bounceStriker                        C:352B STRIKER         striker_TEXT                    
_brickdraw                            C:26A6 BRICK           brick_TEXT                      
_c_startup                            C:038D startupl        startup                         
_ceil                                 C:003A fpdumyl         CODE                            
_character_data                       E:0638 SCREENIO        FAR_DATA                        
_clearBall                            C:217E BALL            ball_TEXT                       
_clearBrick                           C:279C BRICK           brick_TEXT                      
_clearStriker                         C:3125 STRIKER         striker_TEXT                    
_clearStrikerLeft                     C:315F STRIKER         striker_TEXT                    
_clearStrikerRight                    C:31AE STRIKER         striker_TEXT                    
_clockScreen                          C:1C61 SCREENIO        creenio_TEXT                    
_close_periphdevice                   C:0039 zsldevinit      CODE                            
_clreol                               C:0F0E ANSI            ansi_TEXT                       
_clrscr                               C:0EDD ANSI            ansi_TEXT                       
_color                                C:0DF6 ANSI            ansi_TEXT                       
_columnScrollOffset                   E:0818 SCREENIO        FAR_DATA                        
_cos                                  C:194D SINELUT         sinelut_TEXT                    
_cosh                                 C:003A fpdumyl         CODE                            
_delay                                C:1FD4 CLOCKIO         clockio_TEXT                    
_drawBall                             C:2136 BALL            ball_TEXT                       
_drawBrick                            C:277E BRICK           brick_TEXT                      
_drawStriker                          C:31FD STRIKER         striker_TEXT                    
_drawStrikerLeft                      C:323A STRIKER         striker_TEXT                    
_drawStrikerRight                     C:328C STRIKER         striker_TEXT                    
_enablecursor                         C:1139 ANSI            ansi_TEXT                       
_endMilisecond                        E:0823 TIMER           FAR_DATA                        
_errno                                E:0100 startupl        FAR_BSS                         
_exit                                 C:03FC startupl        startup                         
_exp                                  C:003A fpdumyl         CODE                            
_expand                               C:1834 SINELUT         sinelut_TEXT                    
_fabs                                 C:003A fpdumyl         CODE                            
_far_heapbot                        00000835 (User Defined)
_far_heaptop                        00000EFF (User Defined)
_far_stack                          00000EFF (User Defined)
_fgcolor                              C:0D15 ANSI            ansi_TEXT                       
_floor                                C:003A fpdumyl         CODE                            
_fmod                                 C:003A fpdumyl         CODE                            
_g_clock0                             E:0143 zsldevinit      FAR_DATA                        
_g_clock1                             E:0143 zsldevinit      FAR_DATA                        
_g_simulate                           E:0142 zsldevinit      FAR_DATA                        
_g_Txflag0                            E:082A WRITEUART0      FAR_DATA                        
_get_freq                             C:3ED3 get_freq        getfreq_TEXT                    
_getBrickColor                        C:2677 BRICK           brick_TEXT                      
_getCharColumnCharArray               C:1A7F SCREENIO        creenio_TEXT                    
_getElapsedMiliseconds                C:3BF6 TIMER           timer_TEXT                      
_getMiliseconds                       C:2077 CLOCKIO         clockio_TEXT                    
_getStructuredTime                    C:3A0E TIMER           timer_TEXT                      
_gotoxy                               C:0F3F ANSI            ansi_TEXT                       
_halfmiliseconds                      E:081B CLOCKIO         FAR_DATA                        
_handleBrickCollisions                C:27BA BRICK           brick_TEXT                      
_impact                               C:2532 BALL            ball_TEXT                       
_init_uart                            C:3C47 SIO             sio_TEXT                        
_initBall                             C:21C6 BALL            ball_TEXT                       
_initBallStriker                      C:2AA1 GAME            game_TEXT                       
_initBricks                           C:2A55 BRICK           brick_TEXT                      
_initButtons                          C:1E8A BUTTONIO        uttonio_TEXT                    
_initClock                            C:2038 CLOCKIO         clockio_TEXT                    
_initGame                             C:2B81 GAME            game_TEXT                       
_initLevel                            C:2E45 LEVEL           level_TEXT                      
_initScreen                           C:1C14 SCREENIO        creenio_TEXT                    
_initStriker                          C:34C7 STRIKER         striker_TEXT                    
_initVector                           C:16FE ANSI            ansi_TEXT                       
_isBallDead                           C:24D0 BALL            ball_TEXT                       
_isd3Pressed                          C:1F85 BUTTONIO        uttonio_TEXT                    
_isf6Pressed                          C:1F36 BUTTONIO        uttonio_TEXT                    
_isf7Pressed                          C:1EE7 BUTTONIO        uttonio_TEXT                    
_ldexp                                C:003A fpdumyl         CODE                            
_LEDinit                              C:1A65 SCREENIO        creenio_TEXT                    
_LEDsetString                         C:1ABA SCREENIO        creenio_TEXT                    
_LEDupdate                            C:1D6D SCREENIO        creenio_TEXT                    
_LEDUpdateCount                       E:0817 SCREENIO        FAR_DATA                        
_LEDupdateFlag                        E:0819 CLOCKIO         FAR_DATA                        
_LEDWriteCharColumnsToScreen          C:1D13 SCREENIO        creenio_TEXT                    
_len_farbss                         00000041 (User Defined)
_len_fardata                        000006F5 (User Defined)
_len_nearbss                        00000000 (User Defined)
_len_neardata                       00000000 (User Defined)
_loadCharIntoVideoBuffer              C:1BA1 SCREENIO        creenio_TEXT                    
_log                                  C:003A fpdumyl         CODE                            
_log10                                C:003A fpdumyl         CODE                            
_low_far_romdata                    0000463D (User Defined)
_low_farbss                         00000100 (User Defined)
_low_fardata                        00000141 (User Defined)
_low_near_romdata                   00000000 (User Defined)
_low_nearbss                        00000000 (User Defined)
_low_neardata                       00000000 (User Defined)
_main                                 C:03FE MAIN            main_TEXT                       
_moveBall                             C:22B5 BALL            ball_TEXT                       
_movecursor                           C:11CE ANSI            ansi_TEXT                       
_moveStriker                          C:342C STRIKER         striker_TEXT                    
_moveStrikerLeft                      C:32DE STRIKER         striker_TEXT                    
_moveStrikerPreShot                   C:2E53 LEVEL           level_TEXT                      
_moveStrikerRight                     C:3385 STRIKER         striker_TEXT                    
_near_heapbot                       000000EF (User Defined)
_near_heaptop                       000000FF (User Defined)
_near_stack                         000000FF (User Defined)
_open_periphdevice                    C:0038 zsldevinit      CODE                            
_pow                                  C:003A fpdumyl         CODE                            
_printFix                             C:1857 SINELUT         sinelut_TEXT                    
_putch                                C:4526 PUTCH           putch_TEXT                      
_readkeys                             C:1EB1 BUTTONIO        uttonio_TEXT                    
_resetbgcolor                         C:0EAC ANSI            ansi_TEXT                       
_reverse                              C:10B0 ANSI            ansi_TEXT                       
_rotate                               C:1729 ANSI            ansi_TEXT                       
_runClock                             E:081A CLOCKIO         FAR_DATA                        
_scrollText                           C:1DBD SCREENIO        creenio_TEXT                    
_sdraw                                C:3098 STRIKER         striker_TEXT                    
_select_port                          C:3C19 SIO             sio_TEXT                        
_setBallColor                         C:2114 BALL            ball_TEXT                       
_setStrikerColor                      C:310F STRIKER         striker_TEXT                    
_sin                                  C:196B SINELUT         sinelut_TEXT                    
_SIN                                  E:0238 SINELUT         FAR_DATA                        
_sinh                                 C:003A fpdumyl         CODE                            
_sqrt                                 C:003A fpdumyl         CODE                            
_startClock                           C:2061 CLOCKIO         clockio_TEXT                    
_startMilisecond                      E:081F TIMER           FAR_DATA                        
_startTimer                           C:39CC TIMER           timer_TEXT                      
_stopClock                            C:206C CLOCKIO         clockio_TEXT                    
_stopTimer                            C:39F5 TIMER           timer_TEXT                      
_tan                                  C:003A fpdumyl         CODE                            
_tanh                                 C:003A fpdumyl         CODE                            
_timer0int                            C:2014 CLOCKIO         clockio_TEXT                    
_underline                            C:0F9E ANSI            ansi_TEXT                       
_updateBall                           C:2402 BALL            ball_TEXT                       
_updateGame                           C:2C51 GAME            game_TEXT                       
_updateLevel                          C:2E4C LEVEL           level_TEXT                      
_videoBuffer                          E:0102 SCREENIO        FAR_BSS                         
_waitOnce                             C:2001 CLOCKIO         clockio_TEXT                    
_wholeString                          E:0120 SCREENIO        FAR_BSS                         
_wholeStringIndex                     E:0813 SCREENIO        FAR_DATA                        
_wholeStringLength                    E:0815 SCREENIO        FAR_DATA                        
_window                               C:1301 ANSI            ansi_TEXT                       
_write_UART0                          C:4583 WRITEUART0      teuart0_TEXT                    
_writeLED                             C:1CBE SCREENIO        creenio_TEXT                    
_zsl_g_clock_xdefine                01194000 (User Defined)

253 external symbol(s).


START ADDRESS:
==============
(C:038D) set in module ..\..\src\boot\common\startupl.asm.

CALL GRAPH
==========
Depth Address    CF Function                       Calls Function
----- ---------- -- ------------------------------ --------------------------------
    1 R:20        0 _get_freq                      ->
    2 E:0100      0 _f__far_modf                   ->
    3 R:20        0 _n__floor                      ->
    4 R:20        0 _n___u_flt_rnd                 ->
    5 R:20        0 _n__far_modf                   ->
    6 R:20        0 _n__sqrt                       ->
    7 R:20        0 _n__near_modf                  ->
    8 E:0100      0 _f__atan                       ->
    9 E:0100      0 _f__pow                        ->
   10 R:20        0 _n__near_strtod                ->
   11 E:0100      0 _f__atan2                      ->
   12 R:20        0 _n__far_strtod                 ->
   13 E:0100      0 _f__far_strtod                 ->
   14 R:20        0 _n__atan                       ->
   15 E:0100      0 _f__log10                      ->
   16 E:0100      0 _f__log                        ->
   17 E:0100      0 _f__floor                      ->
   18 R:20        0 _n__exp                        ->
   19 E:0100      0 _f__fmod                       ->
   20 E:0100      0 _f__near_modf                  ->
   21 R:20        0 _n__tan                        ->
   22 E:0100      0 _f___u_flt_info                ->
   23 R:20        0 _n__atan2                      ->
   24 R:20        0 _n__near_atof                  ->
   25 E:0100      0 _f__far_atof                   ->
   26 R:20        0 _n__far_atof                   ->
   27 E:0100      0 _f__acos                       ->
   28 E:0100      0 _f__cosh                       ->
   29 R:20        0 _n___u_dtog                    ->
   30 R:20        0 _n___u_dtof                    ->
   31 R:20        0 _n___u_dtoe                    ->
   32 R:20        0 _n__cosh                       ->
   33 R:20        0 _n__sinh                       ->
   34 R:20        0 _n__acos                       ->
   35 E:0100      0 _f__far_frexp                  ->
   36 E:0100      0 _f__tan                        ->
   37 R:20        0 _n__ldexp                      ->
   38 E:0100      0 _f__tanh                       ->
   39 R:20        0 _n___u_flt_info                ->
   40 E:0100      0 _f__sinh                       ->
   41 E:0100      0 _f__near_frexp                 ->
   42 E:0100      0 _f__near_atof                  ->
   43 E:0100      0 _f___u__dtog                   ->
   44 E:0100      0 _f___u__dtof                   ->
   45 E:0100      0 _f___u__dtoe                   ->
   46 R:20        0 _n__tanh                       ->
   47 R:20        0 _n__near_frexp                 ->
   48 R:20        0 _n__far_frexp                  ->
   49 E:0100      0 _f__ldexp                      ->
   50 E:0100      0 _f__asin                       ->
   51 R:20        0 _n__fabs                       ->
   52 E:0100      0 _f__ceil                       ->
   53 R:20        0 _n__pow                        ->
   54 E:0100      0 _f__near_strtod                ->
   55 E:0100      0 _f__fabs                       ->
   56 R:20        0 _n__ceil                       ->
   57 R:20        0 _n__fmod                       ->
   58 R:20        0 _n__log10                      ->
   59 R:20        0 _n__asin                       ->
   60 E:0100      0 _f__sqrt                       ->
   61 E:0100      0 _f___u_flt_rnd                 ->
   62 R:20        0 _n__log                        ->
   63 E:0100      0 _f__exp                        ->


END OF LINK MAP:
================
0 Errors
0 Warnings
